#-----------------------------------------------------------
# Vivado v2025.2 (64-bit)
# SW Build 6299465 on Fri Nov 14 19:35:11 GMT 2025
# IP Build 6300035 on Fri Nov 14 10:48:45 MST 2025
# SharedData Build 6298862 on Thu Nov 13 04:50:51 MST 2025
# Start of session at: Mon Jul 27 21:27:59 2026
# Process ID         : 36192
# Current directory  : C:/project/etri/w6/exam_day1/single_port_rom/vivado/singlerom
# Command line       : vivado.exe -gui_launcher_event rodinguilauncherevent30768 C:\project\etri\w6\exam_day1\single_port_rom\vivado\singlerom\singlerom.xpr
# Log file           : C:/project/etri/w6/exam_day1/single_port_rom/vivado/singlerom/vivado.log
# Journal file       : C:/project/etri/w6/exam_day1/single_port_rom/vivado/singlerom\vivado.jou
# Running On         : omni_keycaf
# Platform           : Windows Server 2016 or Windows 10
# Operating System   : 26200
# Processor Detail   : Intel(R) Core(TM) Ultra 9 288V
# CPU Frequency      : 3302 MHz
# CPU Physical cores : 8
# CPU Logical cores  : 8
# Host memory        : 33805 MB
# Swap memory        : 5538 MB
# Total Virtual      : 39343 MB
# Available Virtual  : 9087 MB
#-----------------------------------------------------------
start_gui
open_project C:/project/etri/w6/exam_day1/single_port_rom/vivado/singlerom/singlerom.xpr
WARNING: [Board 49-26] cannot add Board Part avnet.com:ultra96v1:part0:1.2 available at C:/Users/keyca/AppData/Roaming/Xilinx/Vivado/2025.2/xhub/board_store/xilinx_board_store/XilinxBoardStore/Vivado/2025.2/boards/Avnet/ultra96v1/1.2/1.2/board.xml as part xczu3eg-sbva484-1-e specified in board_part file is either invalid or not available
WARNING: [Board 49-26] cannot add Board Part avnet.com:ultra96v2:part0:1.1 available at C:/Users/keyca/AppData/Roaming/Xilinx/Vivado/2025.2/xhub/board_store/xilinx_board_store/XilinxBoardStore/Vivado/2025.2/boards/Avnet/ultra96v2/1.1/1.1/board.xml as part xczu3eg-sbva484-1-i specified in board_part file is either invalid or not available
WARNING: [Board 49-26] cannot add Board Part avnet.com:ultra96v2:part0:1.2 available at C:/Users/keyca/AppData/Roaming/Xilinx/Vivado/2025.2/xhub/board_store/xilinx_board_store/XilinxBoardStore/Vivado/2025.2/boards/Avnet/ultra96v2/1.2/1.2/board.xml as part xczu3eg-sbva484-1-i specified in board_part file is either invalid or not available
WARNING: [Board 49-26] cannot add Board Part avnet.com:zedboard:part0:1.4 available at C:/Users/keyca/AppData/Roaming/Xilinx/Vivado/2025.2/xhub/board_store/xilinx_board_store/XilinxBoardStore/Vivado/2025.2/boards/Avnet/zedboard/1.4/1.4/board.xml as part xc7z020clg484-1 specified in board_part file is either invalid or not available
WARNING: [Board 49-26] cannot add Board Part digilentinc.com:zedboard:part0:1.1 available at C:/Users/keyca/AppData/Roaming/Xilinx/Vivado/2025.2/xhub/board_store/xilinx_board_store/XilinxBoardStore/Vivado/2025.2/boards/Digilent/zedboard/1.3/1.1/board.xml as part xc7z020clg484-1 specified in board_part file is either invalid or not available
WARNING: [Board 49-26] cannot add Board Part xilinx.com:emb-plus-vpr-4616:part0:1.0 available at C:/AMDDesign/2025.2/data/xhub/boards\XilinxBoardStore\boards\Xilinx\emb-plus-vpr-4616\1.0\board.xml as part xcve2302-sfva784-2mp-e-s specified in board_part file is either invalid or not available
WARNING: [Board 49-26] cannot add Board Part xilinx.com:emb-plus-vpr-4616:part0:1.1 available at C:/AMDDesign/2025.2/data/xhub/boards\XilinxBoardStore\boards\Xilinx\emb-plus-vpr-4616\1.1\board.xml as part xcve2302-sfva784-2mp-e-s specified in board_part file is either invalid or not available
WARNING: [Board 49-26] cannot add Board Part xilinx.com:k24c:part0:1.0 available at C:/AMDDesign/2025.2/data/xhub/boards\XilinxBoardStore\boards\Xilinx\k24c\1.0\board.xml as part xck24-ubva530-2lv-c specified in board_part file is either invalid or not available
WARNING: [Board 49-26] cannot add Board Part xilinx.com:k24c:part0:1.1 available at C:/AMDDesign/2025.2/data/xhub/boards\XilinxBoardStore\boards\Xilinx\k24c\1.1\board.xml as part xck24-ubva530-2lv-c specified in board_part file is either invalid or not available
WARNING: [Board 49-26] cannot add Board Part xilinx.com:k24i:part0:1.0 available at C:/AMDDesign/2025.2/data/xhub/boards\XilinxBoardStore\boards\Xilinx\k24i\1.0\board.xml as part xck24-ubva530-2lvi-i specified in board_part file is either invalid or not available
WARNING: [Board 49-26] cannot add Board Part xilinx.com:k26c:part0:1.2 available at C:/AMDDesign/2025.2/data/xhub/boards\XilinxBoardStore\boards\Xilinx\k26c\1.2\board.xml as part xck26-sfvc784-2lv-c specified in board_part file is either invalid or not available
WARNING: [Board 49-26] cannot add Board Part xilinx.com:k26c:part0:1.3 available at C:/AMDDesign/2025.2/data/xhub/boards\XilinxBoardStore\boards\Xilinx\k26c\1.3\board.xml as part xck26-sfvc784-2lv-c specified in board_part file is either invalid or not available
WARNING: [Board 49-26] cannot add Board Part xilinx.com:k26c:part0:1.4 available at C:/AMDDesign/2025.2/data/xhub/boards\XilinxBoardStore\boards\Xilinx\k26c\1.4\board.xml as part xck26-sfvc784-2lv-c specified in board_part file is either invalid or not available
WARNING: [Board 49-26] cannot add Board Part xilinx.com:k26i:part0:1.2 available at C:/AMDDesign/2025.2/data/xhub/boards\XilinxBoardStore\boards\Xilinx\k26i\1.2\board.xml as part xck26-sfvc784-2lvi-i specified in board_part file is either invalid or not available
WARNING: [Board 49-26] cannot add Board Part xilinx.com:k26i:part0:1.3 available at C:/AMDDesign/2025.2/data/xhub/boards\XilinxBoardStore\boards\Xilinx\k26i\1.3\board.xml as part xck26-sfvc784-2lvi-i specified in board_part file is either invalid or not available
WARNING: [Board 49-26] cannot add Board Part xilinx.com:k26i:part0:1.4 available at C:/AMDDesign/2025.2/data/xhub/boards\XilinxBoardStore\boards\Xilinx\k26i\1.4\board.xml as part xck26-sfvc784-2lvi-i specified in board_part file is either invalid or not available
WARNING: [Board 49-26] cannot add Board Part xilinx.com:kc705:part0:1.6 available at C:/AMDDesign/2025.2/data/xhub/boards\XilinxBoardStore\boards\Xilinx\kc705\1.6\board.xml as part xc7k325tffg900-2 specified in board_part file is either invalid or not available
WARNING: [Board 49-26] cannot add Board Part xilinx.com:kc705:part0:1.7 available at C:/AMDDesign/2025.2/data/xhub/boards\XilinxBoardStore\boards\Xilinx\kc705\1.7\board.xml as part xc7k325tffg900-2 specified in board_part file is either invalid or not available
WARNING: [Board 49-26] cannot add Board Part xilinx.com:kcu105:part0:1.6 available at C:/AMDDesign/2025.2/data/xhub/boards\XilinxBoardStore\boards\Xilinx\kcu105\1.6\board.xml as part xcku040-ffva1156-2-e specified in board_part file is either invalid or not available
WARNING: [Board 49-26] cannot add Board Part xilinx.com:kcu105:part0:1.7 available at C:/AMDDesign/2025.2/data/xhub/boards\XilinxBoardStore\boards\Xilinx\kcu105\1.7\board.xml as part xcku040-ffva1156-2-e specified in board_part file is either invalid or not available
WARNING: [Board 49-26] cannot add Board Part xilinx.com:kcu1500:part0:1.2 available at C:/AMDDesign/2025.2/data/xhub/boards\XilinxBoardStore\boards\Xilinx\kcu1500\1.2\board.xml as part xcku115-flvb2104-2-e specified in board_part file is either invalid or not available
WARNING: [Board 49-26] cannot add Board Part xilinx.com:kd240_som:part0:1.0 available at C:/AMDDesign/2025.2/data/xhub/boards\XilinxBoardStore\boards\Xilinx\kd240_som\1.0\board.xml as part xck24-ubva530-2lv-c specified in board_part file is either invalid or not available
WARNING: [Board 49-26] cannot add Board Part xilinx.com:kd240_som:part0:1.1 available at C:/AMDDesign/2025.2/data/xhub/boards\XilinxBoardStore\boards\Xilinx\kd240_som\1.1\board.xml as part xck24-ubva530-2lv-c specified in board_part file is either invalid or not available
WARNING: [Board 49-26] cannot add Board Part xilinx.com:kr260_som:part0:1.0 available at C:/AMDDesign/2025.2/data/xhub/boards\XilinxBoardStore\boards\Xilinx\kr260_som\1.0\board.xml as part xck26-sfvc784-2lv-c specified in board_part file is either invalid or not available
WARNING: [Board 49-26] cannot add Board Part xilinx.com:kr260_som:part0:1.1 available at C:/AMDDesign/2025.2/data/xhub/boards\XilinxBoardStore\boards\Xilinx\kr260_som\1.1\board.xml as part xck26-sfvc784-2lv-c specified in board_part file is either invalid or not available
WARNING: [Board 49-26] cannot add Board Part xilinx.com:kv260_som:part0:1.2 available at C:/AMDDesign/2025.2/data/xhub/boards\XilinxBoardStore\boards\Xilinx\kv260_som\1.2\board.xml as part xck26-sfvc784-2lv-c specified in board_part file is either invalid or not available
WARNING: [Board 49-26] cannot add Board Part xilinx.com:kv260_som:part0:1.3 available at C:/AMDDesign/2025.2/data/xhub/boards\XilinxBoardStore\boards\Xilinx\kv260_som\1.3\board.xml as part xck26-sfvc784-2lv-c specified in board_part file is either invalid or not available
WARNING: [Board 49-26] cannot add Board Part xilinx.com:kv260_som:part0:1.4 available at C:/AMDDesign/2025.2/data/xhub/boards\XilinxBoardStore\boards\Xilinx\kv260_som\1.4\board.xml as part xck26-sfvc784-2lv-c specified in board_part file is either invalid or not available
WARNING: [Board 49-26] cannot add Board Part xilinx.com:v80:part0:1.0 available at C:/AMDDesign/2025.2/data/xhub/boards\XilinxBoardStore\boards\Xilinx\v80\1.0\board.xml as part xcv80-lsva4737-2mhp-e-s specified in board_part file is either invalid or not available
WARNING: [Board 49-26] cannot add Board Part xilinx.com:vc707:part0:1.4 available at C:/AMDDesign/2025.2/data/xhub/boards\XilinxBoardStore\boards\Xilinx\vc707\1.4\board.xml as part xc7vx485tffg1761-2 specified in board_part file is either invalid or not available
WARNING: [Board 49-26] cannot add Board Part xilinx.com:vc707:part0:1.5 available at C:/AMDDesign/2025.2/data/xhub/boards\XilinxBoardStore\boards\Xilinx\vc707\1.5\board.xml as part xc7vx485tffg1761-2 specified in board_part file is either invalid or not available
WARNING: [Board 49-26] cannot add Board Part xilinx.com:vc709:part0:1.8 available at C:/AMDDesign/2025.2/data/xhub/boards\XilinxBoardStore\boards\Xilinx\vc709\1.8\board.xml as part xc7vx690tffg1761-2 specified in board_part file is either invalid or not available
WARNING: [Board 49-26] cannot add Board Part xilinx.com:vck190:part0:2.2 available at C:/AMDDesign/2025.2/data/xhub/boards\XilinxBoardStore\boards\Xilinx\vck190\production\2.2\board.xml as part xcvc1902-vsva2197-2mp-e-s specified in board_part file is either invalid or not available
WARNING: [Board 49-26] cannot add Board Part xilinx.com:vck190:part0:3.0 available at C:/AMDDesign/2025.2/data/xhub/boards\XilinxBoardStore\boards\Xilinx\vck190\production\3.0\board.xml as part xcvc1902-vsva2197-2mp-e-s specified in board_part file is either invalid or not available
WARNING: [Board 49-26] cannot add Board Part xilinx.com:vck190:part0:3.1 available at C:/AMDDesign/2025.2/data/xhub/boards\XilinxBoardStore\boards\Xilinx\vck190\production\3.1\board.xml as part xcvc1902-vsva2197-2mp-e-s specified in board_part file is either invalid or not available
WARNING: [Board 49-26] cannot add Board Part xilinx.com:vck190:part0:3.2 available at C:/AMDDesign/2025.2/data/xhub/boards\XilinxBoardStore\boards\Xilinx\vck190\production\3.2\board.xml as part xcvc1902-vsva2197-2mp-e-s specified in board_part file is either invalid or not available
WARNING: [Board 49-26] cannot add Board Part xilinx.com:vck190:part0:3.3 available at C:/AMDDesign/2025.2/data/xhub/boards\XilinxBoardStore\boards\Xilinx\vck190\production\3.3\board.xml as part xcvc1902-vsva2197-2mp-e-s specified in board_part file is either invalid or not available
WARNING: [Board 49-26] cannot add Board Part xilinx.com:vck190:part0:3.4 available at C:/AMDDesign/2025.2/data/xhub/boards\XilinxBoardStore\boards\Xilinx\vck190\production\3.4\board.xml as part xcvc1902-vsva2197-2mp-e-s specified in board_part file is either invalid or not available
WARNING: [Board 49-26] cannot add Board Part xilinx.com:vck190_newl:part0:1.0 available at C:/AMDDesign/2025.2/data/xhub/boards\XilinxBoardStore\boards\Xilinx\vck190_newl\production\1.0\board.xml as part xcvc1902-vsva2197-2mp-e-s specified in board_part file is either invalid or not available
WARNING: [Board 49-26] cannot add Board Part xilinx.com:vck190_newl:part0:1.1 available at C:/AMDDesign/2025.2/data/xhub/boards\XilinxBoardStore\boards\Xilinx\vck190_newl\production\1.1\board.xml as part xcvc1902-vsva2197-2mp-e-s specified in board_part file is either invalid or not available
WARNING: [Board 49-26] cannot add Board Part xilinx.com:vck190_newl:part0:1.2 available at C:/AMDDesign/2025.2/data/xhub/boards\XilinxBoardStore\boards\Xilinx\vck190_newl\production\1.2\board.xml as part xcvc1902-vsva2197-2mp-e-s specified in board_part file is either invalid or not available
WARNING: [Board 49-26] cannot add Board Part xilinx.com:vck190_newl:part0:1.3 available at C:/AMDDesign/2025.2/data/xhub/boards\XilinxBoardStore\boards\Xilinx\vck190_newl\production\1.3\board.xml as part xcvc1902-vsva2197-2mp-e-s specified in board_part file is either invalid or not available
WARNING: [Board 49-26] cannot add Board Part xilinx.com:vcu108:part0:1.6 available at C:/AMDDesign/2025.2/data/xhub/boards\XilinxBoardStore\boards\Xilinx\vcu108\1.6\board.xml as part xcvu095-ffva2104-2-e specified in board_part file is either invalid or not available
WARNING: [Board 49-26] cannot add Board Part xilinx.com:vcu108:part0:1.7 available at C:/AMDDesign/2025.2/data/xhub/boards\XilinxBoardStore\boards\Xilinx\vcu108\1.7\board.xml as part xcvu095-ffva2104-2-e specified in board_part file is either invalid or not available
WARNING: [Board 49-26] cannot add Board Part xilinx.com:vcu110:part0:1.4 available at C:/AMDDesign/2025.2/data/xhub/boards\XilinxBoardStore\boards\Xilinx\vcu110\1.4\board.xml as part xcvu190-flgc2104-2-e specified in board_part file is either invalid or not available
WARNING: [Board 49-26] cannot add Board Part xilinx.com:vcu118:part0:2.0 available at C:/AMDDesign/2025.2/data/xhub/boards\XilinxBoardStore\boards\Xilinx\vcu118\2.0\board.xml as part xcvu9p-flga2104-2l-e specified in board_part file is either invalid or not available
WARNING: [Board 49-26] cannot add Board Part xilinx.com:vcu118:part0:2.3 available at C:/AMDDesign/2025.2/data/xhub/boards\XilinxBoardStore\boards\Xilinx\vcu118\2.3\board.xml as part xcvu9p-flga2104-2l-e specified in board_part file is either invalid or not available
WARNING: [Board 49-26] cannot add Board Part xilinx.com:vcu118:part0:2.4 available at C:/AMDDesign/2025.2/data/xhub/boards\XilinxBoardStore\boards\Xilinx\vcu118\2.4\board.xml as part xcvu9p-flga2104-2l-e specified in board_part file is either invalid or not available
WARNING: [Board 49-26] cannot add Board Part xilinx.com:vcu128:part0:1.0 available at C:/AMDDesign/2025.2/data/xhub/boards\XilinxBoardStore\boards\Xilinx\vcu128\production\1.0\board.xml as part xcvu37p-fsvh2892-2l-e specified in board_part file is either invalid or not available
WARNING: [Board 49-26] cannot add Board Part xilinx.com:vcu129:part0:1.0 available at C:/AMDDesign/2025.2/data/xhub/boards\XilinxBoardStore\boards\Xilinx\vcu129\production\1.0\board.xml as part xcvu29p-fsga2577-2l-e specified in board_part file is either invalid or not available
WARNING: [Board 49-26] cannot add Board Part xilinx.com:vcu1525:part0:1.3 available at C:/AMDDesign/2025.2/data/xhub/boards\XilinxBoardStore\boards\Xilinx\vcu1525\1.3\board.xml as part xcvu9p-fsgd2104-2l-e specified in board_part file is either invalid or not available
WARNING: [Board 49-26] cannot add Board Part xilinx.com:vek280:part0:1.0 available at C:/AMDDesign/2025.2/data/xhub/boards\XilinxBoardStore\boards\Xilinx\vek280\production\1.0\board.xml as part xcve2802-vsvh1760-2mp-e-s specified in board_part file is either invalid or not available
WARNING: [Board 49-26] cannot add Board Part xilinx.com:vek280:part0:1.1 available at C:/AMDDesign/2025.2/data/xhub/boards\XilinxBoardStore\boards\Xilinx\vek280\production\1.1\board.xml as part xcve2802-vsvh1760-2mp-e-s specified in board_part file is either invalid or not available
WARNING: [Board 49-26] cannot add Board Part xilinx.com:vek280:part0:1.2 available at C:/AMDDesign/2025.2/data/xhub/boards\XilinxBoardStore\boards\Xilinx\vek280\production\1.2\board.xml as part xcve2802-vsvh1760-2mp-e-s specified in board_part file is either invalid or not available
WARNING: [Board 49-26] cannot add Board Part xilinx.com:vek385:part0:1.0 available at C:/AMDDesign/2025.2/data/xhub/boards\XilinxBoardStore\boards\Xilinx\vek385\1.0\board.xml as part xc2ve3858-ssva2112-2mp-e-s specified in board_part file is either invalid or not available
WARNING: [Board 49-26] cannot add Board Part xilinx.com:vek385:part0:1.1 available at C:/AMDDesign/2025.2/data/xhub/boards\XilinxBoardStore\boards\Xilinx\vek385\1.1\board.xml as part xc2ve3858-ssva2112-2mp-e-s specified in board_part file is either invalid or not available
WARNING: [Board 49-26] cannot add Board Part xilinx.com:vek385_1:part0:1.0 available at C:/AMDDesign/2025.2/data/xhub/boards\XilinxBoardStore\boards\Xilinx\vek385_2\1.0\board.xml as part xc2ve3858-ssva2112-2mp-e-s specified in board_part file is either invalid or not available
WARNING: [Board 49-26] cannot add Board Part xilinx.com:vermeo_t1_mpsoc:part0:1.0 available at C:/AMDDesign/2025.2/data/xhub/boards\XilinxBoardStore\boards\Xilinx\vermeo_t1_mpsoc\1.0\board.xml as part xczu19eg-ffvd1760-2l-e specified in board_part file is either invalid or not available
WARNING: [Board 49-26] cannot add Board Part xilinx.com:vermeo_t1_rfsoc:part0:1.0 available at C:/AMDDesign/2025.2/data/xhub/boards\XilinxBoardStore\boards\Xilinx\vermeo_t1_rfsoc\1.0\board.xml as part xczu21dr-ffvd1156-2l-e specified in board_part file is either invalid or not available
WARNING: [Board 49-26] cannot add Board Part xilinx.com:vhk158:part0:1.0 available at C:/AMDDesign/2025.2/data/xhub/boards\XilinxBoardStore\boards\Xilinx\vhk158\production\1.0\board.xml as part xcvh1582-vsva3697-2mp-e-s specified in board_part file is either invalid or not available
WARNING: [Board 49-26] cannot add Board Part xilinx.com:vhk158:part0:1.1 available at C:/AMDDesign/2025.2/data/xhub/boards\XilinxBoardStore\boards\Xilinx\vhk158\production\1.1\board.xml as part xcvh1582-vsva3697-2mp-e-s specified in board_part file is either invalid or not available
WARNING: [Board 49-26] cannot add Board Part xilinx.com:vhk158:part0:1.2 available at C:/AMDDesign/2025.2/data/xhub/boards\XilinxBoardStore\boards\Xilinx\vhk158\production\1.2\board.xml as part xcvh1582-vsva3697-2mp-e-s specified in board_part file is either invalid or not available
WARNING: [Board 49-26] cannot add Board Part xilinx.com:vmk180:part0:2.2 available at C:/AMDDesign/2025.2/data/xhub/boards\XilinxBoardStore\boards\Xilinx\vmk180\production\2.2\board.xml as part xcvm1802-vsva2197-2mp-e-s specified in board_part file is either invalid or not available
WARNING: [Board 49-26] cannot add Board Part xilinx.com:vmk180:part0:3.0 available at C:/AMDDesign/2025.2/data/xhub/boards\XilinxBoardStore\boards\Xilinx\vmk180\production\3.0\board.xml as part xcvm1802-vsva2197-2mp-e-s specified in board_part file is either invalid or not available
WARNING: [Board 49-26] cannot add Board Part xilinx.com:vmk180:part0:3.1 available at C:/AMDDesign/2025.2/data/xhub/boards\XilinxBoardStore\boards\Xilinx\vmk180\production\3.1\board.xml as part xcvm1802-vsva2197-2mp-e-s specified in board_part file is either invalid or not available
WARNING: [Board 49-26] cannot add Board Part xilinx.com:vmk180:part0:3.2 available at C:/AMDDesign/2025.2/data/xhub/boards\XilinxBoardStore\boards\Xilinx\vmk180\production\3.2\board.xml as part xcvm1802-vsva2197-2mp-e-s specified in board_part file is either invalid or not available
WARNING: [Board 49-26] cannot add Board Part xilinx.com:vmk180:part0:3.3 available at C:/AMDDesign/2025.2/data/xhub/boards\XilinxBoardStore\boards\Xilinx\vmk180\production\3.3\board.xml as part xcvm1802-vsva2197-2mp-e-s specified in board_part file is either invalid or not available
WARNING: [Board 49-26] cannot add Board Part xilinx.com:vmk180_newl:part0:1.0 available at C:/AMDDesign/2025.2/data/xhub/boards\XilinxBoardStore\boards\Xilinx\vmk180_newl\production\1.0\board.xml as part xcvm1802-vsva2197-2mp-e-s specified in board_part file is either invalid or not available
WARNING: [Board 49-26] cannot add Board Part xilinx.com:vmk180_newl:part0:1.1 available at C:/AMDDesign/2025.2/data/xhub/boards\XilinxBoardStore\boards\Xilinx\vmk180_newl\production\1.1\board.xml as part xcvm1802-vsva2197-2mp-e-s specified in board_part file is either invalid or not available
WARNING: [Board 49-26] cannot add Board Part xilinx.com:vpk120:part0:1.0 available at C:/AMDDesign/2025.2/data/xhub/boards\XilinxBoardStore\boards\Xilinx\vpk120\production\1.0\board.xml as part xcvp1202-vsva2785-2mp-e-s specified in board_part file is either invalid or not available
WARNING: [Board 49-26] cannot add Board Part xilinx.com:vpk120:part0:1.1 available at C:/AMDDesign/2025.2/data/xhub/boards\XilinxBoardStore\boards\Xilinx\vpk120\production\1.1\board.xml as part xcvp1202-vsva2785-2mp-e-s specified in board_part file is either invalid or not available
WARNING: [Board 49-26] cannot add Board Part xilinx.com:vpk120:part0:1.2 available at C:/AMDDesign/2025.2/data/xhub/boards\XilinxBoardStore\boards\Xilinx\vpk120\production\1.2\board.xml as part xcvp1202-vsva2785-2mp-e-s specified in board_part file is either invalid or not available
WARNING: [Board 49-26] cannot add Board Part xilinx.com:vpk180:part0:1.0 available at C:/AMDDesign/2025.2/data/xhub/boards\XilinxBoardStore\boards\Xilinx\vpk180\production\1.0\board.xml as part xcvp1802-lsvc4072-2mp-e-s specified in board_part file is either invalid or not available
WARNING: [Board 49-26] cannot add Board Part xilinx.com:vpk180:part0:1.1 available at C:/AMDDesign/2025.2/data/xhub/boards\XilinxBoardStore\boards\Xilinx\vpk180\production\1.1\board.xml as part xcvp1802-lsvc4072-2mp-e-s specified in board_part file is either invalid or not available
WARNING: [Board 49-26] cannot add Board Part xilinx.com:vpk180:part0:1.2 available at C:/AMDDesign/2025.2/data/xhub/boards\XilinxBoardStore\boards\Xilinx\vpk180\production\1.2\board.xml as part xcvp1802-lsvc4072-2mp-e-s specified in board_part file is either invalid or not available
WARNING: [Board 49-26] cannot add Board Part xilinx.com:vrk160:part0:1.0 available at C:/AMDDesign/2025.2/data/xhub/boards\XilinxBoardStore\boards\Xilinx\vrk160\1.0\board.xml as part xcvr1602-vsva2488-2mp-e-s-es1 specified in board_part file is either invalid or not available
WARNING: [Board 49-26] cannot add Board Part xilinx.com:vrk160:part0:1.1 available at C:/AMDDesign/2025.2/data/xhub/boards\XilinxBoardStore\boards\Xilinx\vrk160\1.1\board.xml as part xcvr1602-vsva2488-2mp-e-s-es1 specified in board_part file is either invalid or not available
WARNING: [Board 49-26] cannot add Board Part xilinx.com:zc702:part0:1.4 available at C:/AMDDesign/2025.2/data/xhub/boards\XilinxBoardStore\boards\Xilinx\zc702\1.4\board.xml as part xc7z020clg484-1 specified in board_part file is either invalid or not available
WARNING: [Board 49-26] cannot add Board Part xilinx.com:zc706:part0:1.4 available at C:/AMDDesign/2025.2/data/xhub/boards\XilinxBoardStore\boards\Xilinx\zc706\1.4\board.xml as part xc7z045ffg900-2 specified in board_part file is either invalid or not available
WARNING: [Board 49-26] cannot add Board Part xilinx.com:zc706:part0:1.5 available at C:/AMDDesign/2025.2/data/xhub/boards\XilinxBoardStore\boards\Xilinx\zc706\1.5\board.xml as part xc7z045ffg900-2 specified in board_part file is either invalid or not available
WARNING: [Board 49-26] cannot add Board Part xilinx.com:zcu102:part0:3.3 available at C:/AMDDesign/2025.2/data/xhub/boards\XilinxBoardStore\boards\Xilinx\zcu102\3.3\board.xml as part xczu9eg-ffvb1156-2-e specified in board_part file is either invalid or not available
WARNING: [Board 49-26] cannot add Board Part xilinx.com:zcu102:part0:3.4 available at C:/AMDDesign/2025.2/data/xhub/boards\XilinxBoardStore\boards\Xilinx\zcu102\3.4\board.xml as part xczu9eg-ffvb1156-2-e specified in board_part file is either invalid or not available
WARNING: [Board 49-26] cannot add Board Part xilinx.com:zcu104:part0:1.1 available at C:/AMDDesign/2025.2/data/xhub/boards\XilinxBoardStore\boards\Xilinx\zcu104\1.1\board.xml as part xczu7ev-ffvc1156-2-e specified in board_part file is either invalid or not available
WARNING: [Board 49-26] cannot add Board Part xilinx.com:zcu106:part0:2.4 available at C:/AMDDesign/2025.2/data/xhub/boards\XilinxBoardStore\boards\Xilinx\zcu106\2.4\board.xml as part xczu7ev-ffvc1156-2-e specified in board_part file is either invalid or not available
WARNING: [Board 49-26] cannot add Board Part xilinx.com:zcu106:part0:2.5 available at C:/AMDDesign/2025.2/data/xhub/boards\XilinxBoardStore\boards\Xilinx\zcu106\2.5\board.xml as part xczu7ev-ffvc1156-2-e specified in board_part file is either invalid or not available
WARNING: [Board 49-26] cannot add Board Part xilinx.com:zcu106:part0:2.6 available at C:/AMDDesign/2025.2/data/xhub/boards\XilinxBoardStore\boards\Xilinx\zcu106\2.6\board.xml as part xczu7ev-ffvc1156-2-e specified in board_part file is either invalid or not available
WARNING: [Board 49-26] cannot add Board Part xilinx.com:zcu111:part0:1.2 available at C:/AMDDesign/2025.2/data/xhub/boards\XilinxBoardStore\boards\Xilinx\zcu111\1.2\board.xml as part xczu28dr-ffvg1517-2-e specified in board_part file is either invalid or not available
WARNING: [Board 49-26] cannot add Board Part xilinx.com:zcu111:part0:1.3 available at C:/AMDDesign/2025.2/data/xhub/boards\XilinxBoardStore\boards\Xilinx\zcu111\1.3\board.xml as part xczu28dr-ffvg1517-2-e specified in board_part file is either invalid or not available
WARNING: [Board 49-26] cannot add Board Part xilinx.com:zcu111:part0:1.4 available at C:/AMDDesign/2025.2/data/xhub/boards\XilinxBoardStore\boards\Xilinx\zcu111\1.4\board.xml as part xczu28dr-ffvg1517-2-e specified in board_part file is either invalid or not available
WARNING: [Board 49-26] cannot add Board Part xilinx.com:zcu1275:part0:1.0 available at C:/AMDDesign/2025.2/data/xhub/boards\XilinxBoardStore\boards\Xilinx\zcu1275\1.0\board.xml as part xczu29dr-ffvf1760-2-e specified in board_part file is either invalid or not available
WARNING: [Board 49-26] cannot add Board Part xilinx.com:zcu1285:part0:1.0 available at C:/AMDDesign/2025.2/data/xhub/boards\XilinxBoardStore\boards\Xilinx\zcu1285\1.0\board.xml as part xczu39dr-ffvf1760-2-i specified in board_part file is either invalid or not available
WARNING: [Board 49-26] cannot add Board Part xilinx.com:zcu208:part0:2.0 available at C:/AMDDesign/2025.2/data/xhub/boards\XilinxBoardStore\boards\Xilinx\zcu208\production\2.0\board.xml as part xczu48dr-fsvg1517-2-e specified in board_part file is either invalid or not available
WARNING: [Board 49-26] cannot add Board Part xilinx.com:zcu208ld:part0:2.0 available at C:/AMDDesign/2025.2/data/xhub/boards\XilinxBoardStore\boards\Xilinx\zcu208ld\production\2.0\board.xml as part xczu58dr-fsvg1517-2-i specified in board_part file is either invalid or not available
WARNING: [Board 49-26] cannot add Board Part xilinx.com:zcu216:part0:2.0 available at C:/AMDDesign/2025.2/data/xhub/boards\XilinxBoardStore\boards\Xilinx\zcu216\production\2.0\board.xml as part xczu49dr-ffvf1760-2-e specified in board_part file is either invalid or not available
WARNING: [Board 49-26] cannot add Board Part xilinx.com:zcu216ld:part0:2.0 available at C:/AMDDesign/2025.2/data/xhub/boards\XilinxBoardStore\boards\Xilinx\zcu216ld\production\2.0\board.xml as part xczu59dr-ffvf1760-2-i specified in board_part file is either invalid or not available
WARNING: [Board 49-26] cannot add Board Part xilinx.com:zcu670:part0:2.0 available at C:/AMDDesign/2025.2/data/xhub/boards\XilinxBoardStore\boards\Xilinx\zcu670\2.0\board.xml as part xczu67dr-fsve1156-2-i specified in board_part file is either invalid or not available
WARNING: [Board 49-26] cannot add Board Part xilinx.com:zcu670ld:part0:1.0 available at C:/AMDDesign/2025.2/data/xhub/boards\XilinxBoardStore\boards\Xilinx\zcu670ld\1.0\board.xml as part xczu57dr-fsve1156-2-i specified in board_part file is either invalid or not available
INFO: [Project 1-313] Project file moved from 'C:/project/etri/w6/exam_day1/singlerom' since last save.
INFO: [filemgmt 56-1] Board Part Repository Path: Directory not found as 'C:/project/etri/Users/keyca/AppData/Roaming/Xilinx/Vivado/2025.2/xhub/board_store/xilinx_board_store'; using path 'C:/Users/keyca/AppData/Roaming/Xilinx/Vivado/2025.2/xhub/board_store/xilinx_board_store' instead.
CRITICAL WARNING: [Project 1-311] Could not find the file 'C:/project/etri/w6/exam_day1/single_port_rom/vivado/mem.coe', nor could it be found using path 'C:/project/etri/w6/exam_day1/mem.coe'.
CRITICAL WARNING: [Project 1-311] Could not find the file 'C:/project/etri/w6/exam_day1/single_port_rom/vivado/singleportrom_ctl.sv', nor could it be found using path 'C:/project/etri/w6/exam_day1/singleportrom_ctl.sv'.
CRITICAL WARNING: [Project 1-311] Could not find the file 'C:/project/etri/w6/exam_day1/single_port_rom/vivado/tb_singleportrom_ctl.sv', nor could it be found using path 'C:/project/etri/w6/exam_day1/tb_singleportrom_ctl.sv'.
Scanning sources...
Finished scanning sources
WARNING: [Board 49-26] cannot add Board Part avnet.com:ultra96v1:part0:1.2 available at C:/Users/keyca/AppData/Roaming/Xilinx/Vivado/2025.2/xhub/board_store/xilinx_board_store/XilinxBoardStore/Vivado/2025.2/boards/Avnet/ultra96v1/1.2/1.2/board.xml as part xczu3eg-sbva484-1-e specified in board_part file is either invalid or not available
WARNING: [Board 49-26] cannot add Board Part avnet.com:ultra96v2:part0:1.1 available at C:/Users/keyca/AppData/Roaming/Xilinx/Vivado/2025.2/xhub/board_store/xilinx_board_store/XilinxBoardStore/Vivado/2025.2/boards/Avnet/ultra96v2/1.1/1.1/board.xml as part xczu3eg-sbva484-1-i specified in board_part file is either invalid or not available
WARNING: [Board 49-26] cannot add Board Part avnet.com:ultra96v2:part0:1.2 available at C:/Users/keyca/AppData/Roaming/Xilinx/Vivado/2025.2/xhub/board_store/xilinx_board_store/XilinxBoardStore/Vivado/2025.2/boards/Avnet/ultra96v2/1.2/1.2/board.xml as part xczu3eg-sbva484-1-i specified in board_part file is either invalid or not available
INFO: [Common 17-14] Message 'Board 49-26' appears 100 times and further instances of the messages will be disabled. Use the Tcl command set_msg_config to change the current settings.
WARNING: [Project 1-5713] Board part '' set for the project  is not found. BoardPart property will be unset. Please select board from latest repo build 
INFO: [IP_Flow 19-234] Refreshing IP repositories
INFO: [IP_Flow 19-1704] No user IP repositories specified
INFO: [IP_Flow 19-2313] Loaded Vivado IP repository 'C:/AMDDesign/2025.2/Vivado/data/ip'.
open_project: Time (s): cpu = 00:00:21 ; elapsed = 00:00:12 . Memory (MB): peak = 1689.484 ; gain = 242.578
update_compile_order -fileset sources_1
update_compile_order -fileset sim_1
WARNING: [IP_Flow 19-4067] Ignoring invalid widget type specified checkbox.Providing a default widget
WARNING: [IP_Flow 19-4067] Ignoring invalid widget type specified checkbox.Providing a default widget
INFO: [IP_Flow 19-3484] Absolute path of file 'c:/project/etri/w6/exam_day1/single_port_rom/bench/mem.coe' provided. It will be converted relative to IP Instance files '../../../../../../bench/mem.coe'
set_property CONFIG.Coe_File {C:/project/etri/w6/exam_day1/single_port_rom/bench/mem.coe} [get_ips blk_mem_gen_0]
INFO: [IP_Flow 19-3484] Absolute path of file 'c:/project/etri/w6/exam_day1/single_port_rom/bench/mem.coe' provided. It will be converted relative to IP Instance files '../../../../../../bench/mem.coe'
INFO: [IP_Flow 19-3484] Absolute path of file 'c:/project/etri/w6/exam_day1/single_port_rom/bench/mem.coe' provided. It will be converted relative to IP Instance files '../../../../../../bench/mem.coe'
export_ip_user_files -of_objects  [get_files C:/project/etri/w6/exam_day1/single_port_rom/vivado/mem.coe] -no_script -reset -force -quiet
remove_files  C:/project/etri/w6/exam_day1/single_port_rom/vivado/mem.coe
export_ip_user_files -of_objects  [get_files C:/project/etri/w6/exam_day1/single_port_rom/vivado/singleportrom_ctl.sv] -no_script -reset -force -quiet
remove_files  C:/project/etri/w6/exam_day1/single_port_rom/vivado/singleportrom_ctl.sv
export_ip_user_files -of_objects  [get_files C:/project/etri/w6/exam_day1/single_port_rom/vivado/tb_singleportrom_ctl.sv] -no_script -reset -force -quiet
remove_files  -fileset sim_1 C:/project/etri/w6/exam_day1/single_port_rom/vivado/tb_singleportrom_ctl.sv
add_files -norecurse C:/project/etri/w6/exam_day1/single_port_rom/rtl/singleportrom_ctl.sv
set_property SOURCE_SET sources_1 [get_filesets sim_1]
add_files -fileset sim_1 -norecurse C:/project/etri/w6/exam_day1/single_port_rom/bench/tb_singleportrom_ctl.sv
update_compile_order -fileset sim_1
update_compile_order -fileset sim_1
launch_simulation
Command: launch_simulation 
INFO: [Vivado 12-25911] Executing simulation for 'XSim' simulator
INFO: [Vivado 12-28535] Process started - Mon Jul 27 21:44:43 2026

INFO: [Vivado 12-12493] Simulation top is 'tb_singleportrom_ctl'
INFO: [Vivado 12-5698] Checking validity of IPs in the design for the 'XSim' simulator...
INFO: [Vivado 12-5682] Launching behavioral simulation in 'C:/project/etri/w6/exam_day1/single_port_rom/vivado/singlerom/singlerom.sim/sim_1/behav/xsim'
INFO: [Vivado 12-4795] Using compiled simulation libraries for IPs
INFO: [SIM-utils-51] Simulation object is 'sim_1'
INFO: [SIM-utils-72] Using boost library from 'C:/AMDDesign/2025.2/Vivado/tps/boost_1_72_0'
INFO: [USF-XSim-7] Finding pre-compiled libraries...
INFO: [USF-XSim-11] File 'C:/AMDDesign/2025.2/Vivado/data/xsim/xsim.ini' copied to run dir:'C:/project/etri/w6/exam_day1/single_port_rom/vivado/singlerom/singlerom.sim/sim_1/behav/xsim'
INFO: [SIM-utils-54] Inspecting design source files for 'tb_singleportrom_ctl' in fileset 'sim_1'...
INFO: [SIM-utils-43] Exported 'C:/project/etri/w6/exam_day1/single_port_rom/vivado/singlerom/singlerom.sim/sim_1/behav/xsim/blk_mem_gen_0.mif'
INFO: [SIM-utils-43] Exported 'C:/project/etri/w6/exam_day1/single_port_rom/vivado/singlerom/singlerom.sim/sim_1/behav/xsim/mem.coe'
INFO: [USF-XSim-97] Finding global include files...
INFO: [USF-XSim-98] Fetching design files from 'sim_1'...
INFO: [USF-XSim-2] XSim::Compile design
INFO: [USF-XSim-61] Executing 'COMPILE and ANALYZE' step in 'C:/project/etri/w6/exam_day1/single_port_rom/vivado/singlerom/singlerom.sim/sim_1/behav/xsim'
"xvlog --incr --relax -L uvm -prj tb_singleportrom_ctl_vlog.prj"
INFO: [VRFC 10-2263] Analyzing Verilog file "C:/project/etri/w6/exam_day1/single_port_rom/vivado/singlerom/singlerom.gen/sources_1/ip/blk_mem_gen_0/sim/blk_mem_gen_0.v" into library xil_defaultlib
INFO: [VRFC 10-311] analyzing module blk_mem_gen_0
INFO: [VRFC 10-2263] Analyzing SystemVerilog file "C:/project/etri/w6/exam_day1/single_port_rom/rtl/singleportrom_ctl.sv" into library xil_defaultlib
INFO: [VRFC 10-311] analyzing module singleportrom_ctl
INFO: [VRFC 10-2263] Analyzing SystemVerilog file "C:/project/etri/w6/exam_day1/single_port_rom/bench/tb_singleportrom_ctl.sv" into library xil_defaultlib
INFO: [VRFC 10-311] analyzing module tb_singleportrom_ctl
INFO: [VRFC 10-2263] Analyzing Verilog file "C:/project/etri/w6/exam_day1/single_port_rom/vivado/singlerom/singlerom.sim/sim_1/behav/xsim/glbl.v" into library xil_defaultlib
INFO: [VRFC 10-311] analyzing module glbl
INFO: [USF-XSim-69] 'compile' step finished in '2' seconds
INFO: [USF-XSim-3] XSim::Elaborate design
INFO: [USF-XSim-61] Executing 'ELABORATE' step in 'C:/project/etri/w6/exam_day1/single_port_rom/vivado/singlerom/singlerom.sim/sim_1/behav/xsim'
"xelab --incr --debug typical --relax --mt 2 -L xil_defaultlib -L blk_mem_gen_v8_4_12 -L uvm -L unisims_ver -L unimacro_ver -L secureip -L xpm --snapshot tb_singleportrom_ctl_behav xil_defaultlib.tb_singleportrom_ctl xil_defaultlib.glbl -log elaborate.log"
Vivado Simulator v2025.2
Copyright 1986-2022 Xilinx, Inc. All Rights Reserved.
Copyright 2022-2025 Advanced Micro Devices, Inc. All Rights Reserved.
Running: C:/AMDDesign/2025.2/Vivado/bin/unwrapped/win64.o/xelab.exe --incr --debug typical --relax --mt 2 -L xil_defaultlib -L blk_mem_gen_v8_4_12 -L uvm -L unisims_ver -L unimacro_ver -L secureip -L xpm --snapshot tb_singleportrom_ctl_behav xil_defaultlib.tb_singleportrom_ctl xil_defaultlib.glbl -log elaborate.log 
Using 2 slave threads.
Starting static elaboration
Pass Through NonSizing Optimizer
Completed static elaboration
Starting simulation data flow analysis
Completed simulation data flow analysis
Time Resolution for simulation is 1ps
Compiling module blk_mem_gen_v8_4_12.blk_mem_gen_v8_4_12_output_stage...
Compiling module blk_mem_gen_v8_4_12.blk_mem_gen_v8_4_12_output_stage...
Compiling module blk_mem_gen_v8_4_12.blk_mem_gen_v8_4_12_softecc_outp...
Compiling module blk_mem_gen_v8_4_12.blk_mem_gen_v8_4_12_mem_module(C...
Compiling module blk_mem_gen_v8_4_12.blk_mem_gen_v8_4_12(C_FAMILY="ki...
Compiling module xil_defaultlib.blk_mem_gen_0
Compiling module xil_defaultlib.singleportrom_ctl
Compiling module xil_defaultlib.tb_singleportrom_ctl
Compiling module xil_defaultlib.glbl
Built simulation snapshot tb_singleportrom_ctl_behav
INFO: [USF-XSim-69] 'elaborate' step finished in '4' seconds
INFO: [USF-XSim-4] XSim::Simulate design
INFO: [USF-XSim-61] Executing 'SIMULATE' step in 'C:/project/etri/w6/exam_day1/single_port_rom/vivado/singlerom/singlerom.sim/sim_1/behav/xsim'
INFO: [USF-XSim-98] *** Running xsim
   with args "tb_singleportrom_ctl_behav -key {Behavioral:sim_1:Functional:tb_singleportrom_ctl} -tclbatch {tb_singleportrom_ctl.tcl} -log {simulate.log}"
INFO: [USF-XSim-8] Loading simulator feature
Time resolution is 1 ps
source tb_singleportrom_ctl.tcl
# set curr_wave [current_wave_config]
# if { [string length $curr_wave] == 0 } {
#   if { [llength [get_objects]] > 0} {
#     add_wave /
#     set_property needs_save false [current_wave_config]
#   } else {
#      send_msg_id Add_Wave-1 WARNING "No top level signals found. Simulator will start without a wave window. If you want to open a wave window go to 'File->New Waveform Configuration' or type 'create_wave_config' in the TCL console."
#   }
# }
# run 1000ns
 Block Memory Generator module loading initial data...
 Block Memory Generator data initialization complete.
Block Memory Generator module tb_singleportrom_ctl.dut.u_blk_mem_gen_0.inst.native_mem_module.blk_mem_gen_v8_4_12_inst is using a behavioral model for simulation which will not precisely model memory collision behavior.
INFO: [USF-XSim-96] XSim completed. Design snapshot 'tb_singleportrom_ctl_behav' loaded.
INFO: [USF-XSim-97] XSim simulation ran for 1000ns
launch_simulation: Time (s): cpu = 00:00:13 ; elapsed = 00:00:11 . Memory (MB): peak = 1762.168 ; gain = 8.555
reset_run blk_mem_gen_0_synth_1
WARNING: [Vivado 12-1017] Problems encountered:
1. Failed to delete one or more files in run directory C:/project/etri/w6/exam_day1/single_port_rom/vivado/singlerom/singlerom.runs/blk_mem_gen_0_synth_1

reset_run synth_1
INFO: [Project 1-1160] Copying file C:/project/etri/w6/exam_day1/single_port_rom/vivado/singlerom/singlerom.runs/synth_1/singleportrom_ctl.dcp to C:/project/etri/w6/exam_day1/single_port_rom/vivado/singlerom/singlerom.srcs/utils_1/imports/synth_1 and adding it to utils fileset
WARNING: [Vivado 12-1017] Problems encountered:
1. Failed to delete one or more files in run directory C:/project/etri/w6/exam_day1/single_port_rom/vivado/singlerom/singlerom.runs/synth_1

launch_runs synth_1 -jobs 8
[Mon Jul 27 21:45:03 2026] Launched blk_mem_gen_0_synth_1...
Run output will be captured here: C:/project/etri/w6/exam_day1/single_port_rom/vivado/singlerom/singlerom.runs/blk_mem_gen_0_synth_1/runme.log
[Mon Jul 27 21:45:03 2026] Launched synth_1...
Run output will be captured here: C:/project/etri/w6/exam_day1/single_port_rom/vivado/singlerom/singlerom.runs/synth_1/runme.log
WARNING: [filemgmt 56-199] Attempt to get parsing info during refresh. "On-the-fly" syntax checking information may be incorrect. [C:\project\etri\w6\exam_day1\single_port_rom\rtl\singleportrom_ctl.sv:]
WARNING: [filemgmt 56-199] Attempt to get parsing info during refresh. "On-the-fly" syntax checking information may be incorrect. [C:\project\etri\w6\exam_day1\single_port_rom\bench\tb_singleportrom_ctl.sv:]
WARNING: [filemgmt 56-199] Attempt to get parsing info during refresh. "On-the-fly" syntax checking information may be incorrect. [C:\project\etri\w6\exam_day1\single_port_rom\rtl\singleportrom_ctl.sv:]
WARNING: [filemgmt 56-199] Attempt to get parsing info during refresh. "On-the-fly" syntax checking information may be incorrect. [C:\project\etri\w6\exam_day1\single_port_rom\rtl\singleportrom_ctl.sv:]
ERROR: [Common 17-180] Spawn failed: 작업을 완료했습니다.

reset_simulation -simset sim_1 -mode post-synthesis -type functional
INFO: [Vivado 12-2266] Removing simulation data...
INFO: [Vivado 12-2267] Reset complete
WARNING: [filemgmt 56-199] Attempt to get parsing info during refresh. "On-the-fly" syntax checking information may be incorrect. [C:\project\etri\w6\exam_day1\single_port_rom\rtl\singleportrom_ctl.sv:]
WARNING: [filemgmt 56-199] Attempt to get parsing info during refresh. "On-the-fly" syntax checking information may be incorrect. [C:\project\etri\w6\exam_day1\single_port_rom\bench\tb_singleportrom_ctl.sv:]
WARNING: [filemgmt 56-199] Attempt to get parsing info during refresh. "On-the-fly" syntax checking information may be incorrect. [C:\project\etri\w6\exam_day1\single_port_rom\rtl\singleportrom_ctl.sv:]
WARNING: [filemgmt 56-199] Attempt to get parsing info during refresh. "On-the-fly" syntax checking information may be incorrect. [C:\project\etri\w6\exam_day1\single_port_rom\rtl\singleportrom_ctl.sv:]
ERROR: [Common 17-180] Spawn failed: 작업을 완료했습니다.

WARNING: [filemgmt 56-199] Attempt to get parsing info during refresh. "On-the-fly" syntax checking information may be incorrect. [C:\project\etri\w6\exam_day1\single_port_rom\rtl\singleportrom_ctl.sv:]
WARNING: [filemgmt 56-199] Attempt to get parsing info during refresh. "On-the-fly" syntax checking information may be incorrect. [C:\project\etri\w6\exam_day1\single_port_rom\bench\tb_singleportrom_ctl.sv:]
WARNING: [filemgmt 56-199] Attempt to get parsing info during refresh. "On-the-fly" syntax checking information may be incorrect. [C:\project\etri\w6\exam_day1\single_port_rom\bench\tb_singleportrom_ctl.sv:]
WARNING: [filemgmt 56-199] Attempt to get parsing info during refresh. "On-the-fly" syntax checking information may be incorrect. [C:\project\etri\w6\exam_day1\single_port_rom\bench\tb_singleportrom_ctl.sv:]
reset_simulation -simset sim_1 -mode post-synthesis -type functional
INFO: [Vivado 12-2266] Removing simulation data...
INFO: [Vivado 12-2267] Reset complete
WARNING: [filemgmt 56-199] Attempt to get parsing info during refresh. "On-the-fly" syntax checking information may be incorrect. [C:\project\etri\w6\exam_day1\single_port_rom\rtl\singleportrom_ctl.sv:]
WARNING: [filemgmt 56-199] Attempt to get parsing info during refresh. "On-the-fly" syntax checking information may be incorrect. [C:\project\etri\w6\exam_day1\single_port_rom\bench\tb_singleportrom_ctl.sv:]
WARNING: [filemgmt 56-199] Attempt to get parsing info during refresh. "On-the-fly" syntax checking information may be incorrect. [C:\project\etri\w6\exam_day1\single_port_rom\rtl\singleportrom_ctl.sv:]
WARNING: [filemgmt 56-199] Attempt to get parsing info during refresh. "On-the-fly" syntax checking information may be incorrect. [C:\project\etri\w6\exam_day1\single_port_rom\rtl\singleportrom_ctl.sv:]
launch_simulation -mode post-synthesis -type functional
Command: launch_simulation  -mode post-synthesis -type functional
INFO: [Vivado 12-25911] Executing simulation for 'XSim' simulator
INFO: [Vivado 12-28535] Process started - Mon Jul 27 21:49:32 2026

INFO: [Vivado 12-12493] Simulation top is 'tb_singleportrom_ctl'
INFO: [Vivado 12-5698] Checking validity of IPs in the design for the 'XSim' simulator...
INFO: [Vivado 12-5682] Launching post-synthesis functional simulation in 'C:/project/etri/w6/exam_day1/single_port_rom/vivado/singlerom/singlerom.sim/sim_1/synth/func/xsim'
INFO: [Vivado 12-4795] Using compiled simulation libraries for IPs
INFO: [SIM-utils-51] Simulation object is 'sim_1'
INFO: [SIM-utils-72] Using boost library from 'C:/AMDDesign/2025.2/Vivado/tps/boost_1_72_0'
Design is defaulting to impl run constrset: constrs_1
Design is defaulting to synth run part: xc7k70tfbv676-1
INFO: [Device 21-403] Loading part xc7k70tfbv676-1
WARNING: [filemgmt 56-199] Attempt to get parsing info during refresh. "On-the-fly" syntax checking information may be incorrect. [C:\project\etri\w6\exam_day1\single_port_rom\rtl\singleportrom_ctl.sv:]
WARNING: [filemgmt 56-199] Attempt to get parsing info during refresh. "On-the-fly" syntax checking information may be incorrect. [C:\project\etri\w6\exam_day1\single_port_rom\bench\tb_singleportrom_ctl.sv:]
WARNING: [filemgmt 56-199] Attempt to get parsing info during refresh. "On-the-fly" syntax checking information may be incorrect. [C:\project\etri\w6\exam_day1\single_port_rom\rtl\singleportrom_ctl.sv:]
WARNING: [filemgmt 56-199] Attempt to get parsing info during refresh. "On-the-fly" syntax checking information may be incorrect. [C:\project\etri\w6\exam_day1\single_port_rom\rtl\singleportrom_ctl.sv:]
ERROR: [Common 17-180] Spawn failed: 작업을 완료했습니다.

INFO: [Project 1-5699] Read binary netlist with skipMacroContent - 1
INFO: [Project 1-454] Reading design checkpoint 'c:/project/etri/w6/exam_day1/single_port_rom/vivado/singlerom/singlerom.gen/sources_1/ip/blk_mem_gen_0/blk_mem_gen_0.dcp' for cell 'u_blk_mem_gen_0'
Netlist sorting complete. Time (s): cpu = 00:00:00 ; elapsed = 00:00:00.002 . Memory (MB): peak = 1947.215 ; gain = 0.000
INFO: [Netlist 29-17] Analyzing 1 Unisim elements for replacement
INFO: [Netlist 29-28] Unisim Transformation completed in 0 CPU seconds
INFO: [Project 1-479] Netlist was created with Vivado 2025.2
INFO: [Project 1-570] Preparing netlist for logic optimization
INFO: [Opt 31-138] Pushed 0 inverter(s) to 0 load pin(s).
Netlist sorting complete. Time (s): cpu = 00:00:00 ; elapsed = 00:00:00 . Memory (MB): peak = 2035.488 ; gain = 0.000
INFO: [Project 1-111] Unisim Transformation Summary:
No Unisim elements were transformed.

open_run: Time (s): cpu = 00:00:12 ; elapsed = 00:00:08 . Memory (MB): peak = 2429.773 ; gain = 667.605
ERROR: [SIM-utils-69] No open design in memory! Please run 'Synthesis' from the GUI or execute 'launch_runs <synth>' command from the Tcl console before running post-synthesis netlist simulation.
INFO: [USF-XSim-7] Finding pre-compiled libraries...
INFO: [USF-XSim-11] File 'C:/AMDDesign/2025.2/Vivado/data/xsim/xsim.ini' copied to run dir:'C:/project/etri/w6/exam_day1/single_port_rom/vivado/singlerom/singlerom.sim/sim_1/synth/func/xsim'
INFO: [SIM-utils-54] Inspecting design source files for 'tb_singleportrom_ctl' in fileset 'sim_1'...
INFO: [SIM-utils-43] Exported 'C:/project/etri/w6/exam_day1/single_port_rom/vivado/singlerom/singlerom.sim/sim_1/synth/func/xsim/blk_mem_gen_0.mif'
INFO: [SIM-utils-43] Exported 'C:/project/etri/w6/exam_day1/single_port_rom/vivado/singlerom/singlerom.sim/sim_1/synth/func/xsim/mem.coe'
INFO: [USF-XSim-2] XSim::Compile design
INFO: [USF-XSim-61] Executing 'COMPILE and ANALYZE' step in 'C:/project/etri/w6/exam_day1/single_port_rom/vivado/singlerom/singlerom.sim/sim_1/synth/func/xsim'
"xvlog --incr --relax -L uvm -prj tb_singleportrom_ctl_vlog.prj"
INFO: [VRFC 10-2263] Analyzing SystemVerilog file "C:/project/etri/w6/exam_day1/single_port_rom/bench/tb_singleportrom_ctl.sv" into library xil_defaultlib
INFO: [VRFC 10-311] analyzing module tb_singleportrom_ctl
INFO: [USF-XSim-69] 'compile' step finished in '1' seconds
INFO: [USF-XSim-3] XSim::Elaborate design
INFO: [USF-XSim-61] Executing 'ELABORATE' step in 'C:/project/etri/w6/exam_day1/single_port_rom/vivado/singlerom/singlerom.sim/sim_1/synth/func/xsim'
"xelab --incr --debug typical --relax --mt 2 -L xil_defaultlib -L uvm -L unisims_ver -L secureip --snapshot tb_singleportrom_ctl_func_synth xil_defaultlib.tb_singleportrom_ctl xil_defaultlib.glbl -log elaborate.log"
Vivado Simulator v2025.2
Copyright 1986-2022 Xilinx, Inc. All Rights Reserved.
Copyright 2022-2025 Advanced Micro Devices, Inc. All Rights Reserved.
Running: C:/AMDDesign/2025.2/Vivado/bin/unwrapped/win64.o/xelab.exe --incr --debug typical --relax --mt 2 -L xil_defaultlib -L uvm -L unisims_ver -L secureip --snapshot tb_singleportrom_ctl_func_synth xil_defaultlib.tb_singleportrom_ctl xil_defaultlib.glbl -log elaborate.log 
Using 2 slave threads.
ERROR: [XSIM 43-3225] Cannot find design unit xil_defaultlib.glbl in library work located at xsim.dir/work.
INFO: [USF-XSim-69] 'elaborate' step finished in '1' seconds
INFO: [USF-XSim-99] Step results log file:'C:/project/etri/w6/exam_day1/single_port_rom/vivado/singlerom/singlerom.sim/sim_1/synth/func/xsim/elaborate.log'
ERROR: [USF-XSim-62] 'elaborate' step failed with error(s). Please check the Tcl console output or 'C:/project/etri/w6/exam_day1/single_port_rom/vivado/singlerom/singlerom.sim/sim_1/synth/func/xsim/elaborate.log' file for more information.
ERROR: [Vivado 12-4473] Detected error while running simulation. Please correct the issue and retry this operation.
launch_simulation: Time (s): cpu = 00:00:16 ; elapsed = 00:00:12 . Memory (MB): peak = 2490.391 ; gain = 728.223
ERROR: [Common 17-39] 'launch_simulation' failed due to earlier errors.
relaunch_sim
Command: launch_simulation -step compile -simset sim_1 -mode behavioral
INFO: [Vivado 12-25911] Executing simulation for 'XSim' simulator
INFO: [Vivado 12-28535] Process started - Tue Jul 28 10:38:16 2026

INFO: [Vivado 12-12493] Simulation top is 'tb_singleportrom_ctl'
INFO: [Vivado 12-5698] Checking validity of IPs in the design for the 'XSim' simulator...
INFO: [Vivado 12-5682] Launching behavioral simulation in 'C:/project/etri/w6/exam_day1/single_port_rom/vivado/singlerom/singlerom.sim/sim_1/behav/xsim'
INFO: [Vivado 12-4795] Using compiled simulation libraries for IPs
INFO: [SIM-utils-51] Simulation object is 'sim_1'
INFO: [SIM-utils-72] Using boost library from 'C:/AMDDesign/2025.2/Vivado/tps/boost_1_72_0'
INFO: [USF-XSim-7] Finding pre-compiled libraries...
INFO: [USF-XSim-11] File 'C:/AMDDesign/2025.2/Vivado/data/xsim/xsim.ini' copied to run dir:'C:/project/etri/w6/exam_day1/single_port_rom/vivado/singlerom/singlerom.sim/sim_1/behav/xsim'
INFO: [SIM-utils-54] Inspecting design source files for 'tb_singleportrom_ctl' in fileset 'sim_1'...
INFO: [SIM-utils-43] Exported 'C:/project/etri/w6/exam_day1/single_port_rom/vivado/singlerom/singlerom.sim/sim_1/behav/xsim/blk_mem_gen_0.mif'
INFO: [SIM-utils-43] Exported 'C:/project/etri/w6/exam_day1/single_port_rom/vivado/singlerom/singlerom.sim/sim_1/behav/xsim/mem.coe'
INFO: [USF-XSim-97] Finding global include files...
INFO: [USF-XSim-98] Fetching design files from 'sim_1'...
INFO: [USF-XSim-2] XSim::Compile design
INFO: [USF-XSim-61] Executing 'COMPILE and ANALYZE' step in 'C:/project/etri/w6/exam_day1/single_port_rom/vivado/singlerom/singlerom.sim/sim_1/behav/xsim'
WARNING: [filemgmt 56-199] Attempt to get parsing info during refresh. "On-the-fly" syntax checking information may be incorrect. [C:\project\etri\w6\exam_day1\single_port_rom\rtl\singleportrom_ctl.sv:]
WARNING: [filemgmt 56-199] Attempt to get parsing info during refresh. "On-the-fly" syntax checking information may be incorrect. [C:\project\etri\w6\exam_day1\single_port_rom\bench\tb_singleportrom_ctl.sv:]
WARNING: [filemgmt 56-199] Attempt to get parsing info during refresh. "On-the-fly" syntax checking information may be incorrect. [C:\project\etri\w6\exam_day1\single_port_rom\bench\tb_singleportrom_ctl.sv:]
WARNING: [filemgmt 56-199] Attempt to get parsing info during refresh. "On-the-fly" syntax checking information may be incorrect. [C:\project\etri\w6\exam_day1\single_port_rom\bench\tb_singleportrom_ctl.sv:]
"xvlog --incr --relax -L uvm -prj tb_singleportrom_ctl_vlog.prj"
INFO: [USF-XSim-69] 'compile' step finished in '2' seconds
Command: launch_simulation -step elaborate -simset sim_1 -mode behavioral
INFO: [Vivado 12-25911] Executing simulation for 'XSim' simulator
INFO: [Vivado 12-28535] Process started - Tue Jul 28 10:38:18 2026

INFO: [Vivado 12-12493] Simulation top is 'tb_singleportrom_ctl'
INFO: [Vivado 12-5698] Checking validity of IPs in the design for the 'XSim' simulator...
INFO: [Vivado 12-5682] Launching behavioral simulation in 'C:/project/etri/w6/exam_day1/single_port_rom/vivado/singlerom/singlerom.sim/sim_1/behav/xsim'
INFO: [Vivado 12-4795] Using compiled simulation libraries for IPs
INFO: [SIM-utils-51] Simulation object is 'sim_1'
INFO: [USF-XSim-3] XSim::Elaborate design
INFO: [USF-XSim-61] Executing 'ELABORATE' step in 'C:/project/etri/w6/exam_day1/single_port_rom/vivado/singlerom/singlerom.sim/sim_1/behav/xsim'
"xelab --incr --debug typical --relax --mt 2 -L xil_defaultlib -L blk_mem_gen_v8_4_12 -L uvm -L unisims_ver -L unimacro_ver -L secureip -L xpm --snapshot tb_singleportrom_ctl_behav xil_defaultlib.tb_singleportrom_ctl xil_defaultlib.glbl -log elaborate.log"
Vivado Simulator v2025.2
Copyright 1986-2022 Xilinx, Inc. All Rights Reserved.
Copyright 2022-2025 Advanced Micro Devices, Inc. All Rights Reserved.
Running: C:/AMDDesign/2025.2/Vivado/bin/unwrapped/win64.o/xelab.exe --incr --debug typical --relax --mt 2 -L xil_defaultlib -L blk_mem_gen_v8_4_12 -L uvm -L unisims_ver -L unimacro_ver -L secureip -L xpm --snapshot tb_singleportrom_ctl_behav xil_defaultlib.tb_singleportrom_ctl xil_defaultlib.glbl -log elaborate.log 
Using 2 slave threads.
Starting static elaboration
Pass Through NonSizing Optimizer
Completed static elaboration
INFO: [XSIM 43-4323] No Change in HDL. Linking previously generated obj files to create kernel
INFO: [USF-XSim-69] 'elaborate' step finished in '1' seconds
Time resolution is 1 ps
 Block Memory Generator module loading initial data...
 Block Memory Generator data initialization complete.
Block Memory Generator module tb_singleportrom_ctl.dut.u_blk_mem_gen_0.inst.native_mem_module.blk_mem_gen_v8_4_12_inst is using a behavioral model for simulation which will not precisely model memory collision behavior.
relaunch_sim: Time (s): cpu = 00:00:03 ; elapsed = 00:00:06 . Memory (MB): peak = 2933.480 ; gain = 0.000
run 10 us
TEST FAIL: data_out = 99
$finish called at time : 1175 ns : File "C:/project/etri/w6/exam_day1/single_port_rom/bench/tb_singleportrom_ctl.sv" Line 46
relaunch_sim
Command: launch_simulation -step compile -simset sim_1 -mode behavioral
INFO: [Vivado 12-25911] Executing simulation for 'XSim' simulator
INFO: [Vivado 12-28535] Process started - Tue Jul 28 10:38:55 2026

INFO: [Vivado 12-12493] Simulation top is 'tb_singleportrom_ctl'
INFO: [Vivado 12-5698] Checking validity of IPs in the design for the 'XSim' simulator...
INFO: [Vivado 12-5682] Launching behavioral simulation in 'C:/project/etri/w6/exam_day1/single_port_rom/vivado/singlerom/singlerom.sim/sim_1/behav/xsim'
INFO: [Vivado 12-4795] Using compiled simulation libraries for IPs
INFO: [SIM-utils-51] Simulation object is 'sim_1'
INFO: [USF-XSim-2] XSim::Compile design
INFO: [USF-XSim-61] Executing 'COMPILE and ANALYZE' step in 'C:/project/etri/w6/exam_day1/single_port_rom/vivado/singlerom/singlerom.sim/sim_1/behav/xsim'
"xvlog --incr --relax -L uvm -prj tb_singleportrom_ctl_vlog.prj"
INFO: [USF-XSim-69] 'compile' step finished in '1' seconds
Command: launch_simulation -step elaborate -simset sim_1 -mode behavioral
INFO: [Vivado 12-25911] Executing simulation for 'XSim' simulator
INFO: [Vivado 12-28535] Process started - Tue Jul 28 10:38:56 2026

INFO: [Vivado 12-12493] Simulation top is 'tb_singleportrom_ctl'
INFO: [Vivado 12-5698] Checking validity of IPs in the design for the 'XSim' simulator...
INFO: [Vivado 12-5682] Launching behavioral simulation in 'C:/project/etri/w6/exam_day1/single_port_rom/vivado/singlerom/singlerom.sim/sim_1/behav/xsim'
INFO: [Vivado 12-4795] Using compiled simulation libraries for IPs
INFO: [SIM-utils-51] Simulation object is 'sim_1'
INFO: [USF-XSim-3] XSim::Elaborate design
INFO: [USF-XSim-61] Executing 'ELABORATE' step in 'C:/project/etri/w6/exam_day1/single_port_rom/vivado/singlerom/singlerom.sim/sim_1/behav/xsim'
"xelab --incr --debug typical --relax --mt 2 -L xil_defaultlib -L blk_mem_gen_v8_4_12 -L uvm -L unisims_ver -L unimacro_ver -L secureip -L xpm --snapshot tb_singleportrom_ctl_behav xil_defaultlib.tb_singleportrom_ctl xil_defaultlib.glbl -log elaborate.log"
Vivado Simulator v2025.2
Copyright 1986-2022 Xilinx, Inc. All Rights Reserved.
Copyright 2022-2025 Advanced Micro Devices, Inc. All Rights Reserved.
Running: C:/AMDDesign/2025.2/Vivado/bin/unwrapped/win64.o/xelab.exe --incr --debug typical --relax --mt 2 -L xil_defaultlib -L blk_mem_gen_v8_4_12 -L uvm -L unisims_ver -L unimacro_ver -L secureip -L xpm --snapshot tb_singleportrom_ctl_behav xil_defaultlib.tb_singleportrom_ctl xil_defaultlib.glbl -log elaborate.log 
Using 2 slave threads.
Starting static elaboration
Pass Through NonSizing Optimizer
Completed static elaboration
INFO: [XSIM 43-4323] No Change in HDL. Linking previously generated obj files to create kernel
INFO: [USF-XSim-69] 'elaborate' step finished in '1' seconds
Time resolution is 1 ps
 Block Memory Generator module loading initial data...
 Block Memory Generator data initialization complete.
Block Memory Generator module tb_singleportrom_ctl.dut.u_blk_mem_gen_0.inst.native_mem_module.blk_mem_gen_v8_4_12_inst is using a behavioral model for simulation which will not precisely model memory collision behavior.
run 10 us
TEST FAIL: data_out = 99
$finish called at time : 1175 ns : File "C:/project/etri/w6/exam_day1/single_port_rom/bench/tb_singleportrom_ctl.sv" Line 46
relaunch_sim
Command: launch_simulation -step compile -simset sim_1 -mode behavioral
INFO: [Vivado 12-25911] Executing simulation for 'XSim' simulator
INFO: [Vivado 12-28535] Process started - Tue Jul 28 10:39:06 2026

INFO: [Vivado 12-12493] Simulation top is 'tb_singleportrom_ctl'
INFO: [Vivado 12-5698] Checking validity of IPs in the design for the 'XSim' simulator...
INFO: [Vivado 12-5682] Launching behavioral simulation in 'C:/project/etri/w6/exam_day1/single_port_rom/vivado/singlerom/singlerom.sim/sim_1/behav/xsim'
INFO: [Vivado 12-4795] Using compiled simulation libraries for IPs
INFO: [SIM-utils-51] Simulation object is 'sim_1'
INFO: [USF-XSim-2] XSim::Compile design
INFO: [USF-XSim-61] Executing 'COMPILE and ANALYZE' step in 'C:/project/etri/w6/exam_day1/single_port_rom/vivado/singlerom/singlerom.sim/sim_1/behav/xsim'
"xvlog --incr --relax -L uvm -prj tb_singleportrom_ctl_vlog.prj"
INFO: [USF-XSim-69] 'compile' step finished in '1' seconds
Command: launch_simulation -step elaborate -simset sim_1 -mode behavioral
INFO: [Vivado 12-25911] Executing simulation for 'XSim' simulator
INFO: [Vivado 12-28535] Process started - Tue Jul 28 10:39:07 2026

INFO: [Vivado 12-12493] Simulation top is 'tb_singleportrom_ctl'
INFO: [Vivado 12-5698] Checking validity of IPs in the design for the 'XSim' simulator...
INFO: [Vivado 12-5682] Launching behavioral simulation in 'C:/project/etri/w6/exam_day1/single_port_rom/vivado/singlerom/singlerom.sim/sim_1/behav/xsim'
INFO: [Vivado 12-4795] Using compiled simulation libraries for IPs
INFO: [SIM-utils-51] Simulation object is 'sim_1'
INFO: [USF-XSim-3] XSim::Elaborate design
INFO: [USF-XSim-61] Executing 'ELABORATE' step in 'C:/project/etri/w6/exam_day1/single_port_rom/vivado/singlerom/singlerom.sim/sim_1/behav/xsim'
"xelab --incr --debug typical --relax --mt 2 -L xil_defaultlib -L blk_mem_gen_v8_4_12 -L uvm -L unisims_ver -L unimacro_ver -L secureip -L xpm --snapshot tb_singleportrom_ctl_behav xil_defaultlib.tb_singleportrom_ctl xil_defaultlib.glbl -log elaborate.log"
Vivado Simulator v2025.2
Copyright 1986-2022 Xilinx, Inc. All Rights Reserved.
Copyright 2022-2025 Advanced Micro Devices, Inc. All Rights Reserved.
Running: C:/AMDDesign/2025.2/Vivado/bin/unwrapped/win64.o/xelab.exe --incr --debug typical --relax --mt 2 -L xil_defaultlib -L blk_mem_gen_v8_4_12 -L uvm -L unisims_ver -L unimacro_ver -L secureip -L xpm --snapshot tb_singleportrom_ctl_behav xil_defaultlib.tb_singleportrom_ctl xil_defaultlib.glbl -log elaborate.log 
Using 2 slave threads.
Starting static elaboration
Pass Through NonSizing Optimizer
Completed static elaboration
INFO: [XSIM 43-4323] No Change in HDL. Linking previously generated obj files to create kernel
INFO: [USF-XSim-69] 'elaborate' step finished in '1' seconds
Time resolution is 1 ps
 Block Memory Generator module loading initial data...
 Block Memory Generator data initialization complete.
Block Memory Generator module tb_singleportrom_ctl.dut.u_blk_mem_gen_0.inst.native_mem_module.blk_mem_gen_v8_4_12_inst is using a behavioral model for simulation which will not precisely model memory collision behavior.
run 10 us
TEST FAIL: data_out = 99
$finish called at time : 1175 ns : File "C:/project/etri/w6/exam_day1/single_port_rom/bench/tb_singleportrom_ctl.sv" Line 46
WARNING: [filemgmt 56-199] Attempt to get parsing info during refresh. "On-the-fly" syntax checking information may be incorrect. [C:\project\etri\w6\exam_day1\single_port_rom\rtl\singleportrom_ctl.sv:]
WARNING: [filemgmt 56-199] Attempt to get parsing info during refresh. "On-the-fly" syntax checking information may be incorrect. [C:\project\etri\w6\exam_day1\single_port_rom\bench\tb_singleportrom_ctl.sv:]
WARNING: [filemgmt 56-199] Attempt to get parsing info during refresh. "On-the-fly" syntax checking information may be incorrect. [C:\project\etri\w6\exam_day1\single_port_rom\bench\tb_singleportrom_ctl.sv:]
WARNING: [filemgmt 56-199] Attempt to get parsing info during refresh. "On-the-fly" syntax checking information may be incorrect. [C:\project\etri\w6\exam_day1\single_port_rom\bench\tb_singleportrom_ctl.sv:]
WARNING: [filemgmt 56-199] Attempt to get parsing info during refresh. "On-the-fly" syntax checking information may be incorrect. [C:\project\etri\w6\exam_day1\single_port_rom\rtl\singleportrom_ctl.sv:]
WARNING: [filemgmt 56-199] Attempt to get parsing info during refresh. "On-the-fly" syntax checking information may be incorrect. [C:\project\etri\w6\exam_day1\single_port_rom\bench\tb_singleportrom_ctl.sv:]
WARNING: [filemgmt 56-199] Attempt to get parsing info during refresh. "On-the-fly" syntax checking information may be incorrect. [C:\project\etri\w6\exam_day1\single_port_rom\rtl\singleportrom_ctl.sv:]
WARNING: [filemgmt 56-199] Attempt to get parsing info during refresh. "On-the-fly" syntax checking information may be incorrect. [C:\project\etri\w6\exam_day1\single_port_rom\rtl\singleportrom_ctl.sv:]
ERROR: [Common 17-180] Spawn failed: 작업을 완료했습니다.

WARNING: [IP_Flow 19-4067] Ignoring invalid widget type specified checkbox.Providing a default widget
WARNING: [IP_Flow 19-4067] Ignoring invalid widget type specified checkbox.Providing a default widget
ERROR: [Common 17-243] Documentation data file not found.
WARNING: [IP_Flow 19-4067] Ignoring invalid widget type specified checkbox.Providing a default widget
WARNING: [IP_Flow 19-4067] Ignoring invalid widget type specified checkbox.Providing a default widget
set_property CONFIG.Register_PortA_Output_of_Memory_Primitives {true} [get_ips blk_mem_gen_0]
WARNING: [IP_Flow 19-4067] Ignoring invalid widget type specified checkbox.Providing a default widget
WARNING: [IP_Flow 19-4067] Ignoring invalid widget type specified checkbox.Providing a default widget
update_compile_order -fileset sources_1
update_compile_order -fileset sources_1
relaunch_sim
Command: launch_simulation -step compile -simset sim_1 -mode behavioral
INFO: [Vivado 12-25911] Executing simulation for 'XSim' simulator
INFO: [Vivado 12-28535] Process started - Tue Jul 28 11:48:31 2026

INFO: [Vivado 12-12493] Simulation top is 'tb_singleportrom_ctl'
INFO: [Vivado 12-5698] Checking validity of IPs in the design for the 'XSim' simulator...
INFO: [Vivado 12-5682] Launching behavioral simulation in 'C:/project/etri/w6/exam_day1/single_port_rom/vivado/singlerom/singlerom.sim/sim_1/behav/xsim'
INFO: [Vivado 12-4795] Using compiled simulation libraries for IPs
INFO: [SIM-utils-51] Simulation object is 'sim_1'
INFO: [USF-XSim-2] XSim::Compile design
INFO: [USF-XSim-61] Executing 'COMPILE and ANALYZE' step in 'C:/project/etri/w6/exam_day1/single_port_rom/vivado/singlerom/singlerom.sim/sim_1/behav/xsim'
"xvlog --incr --relax -L uvm -prj tb_singleportrom_ctl_vlog.prj"
INFO: [VRFC 10-2263] Analyzing SystemVerilog file "C:/project/etri/w6/exam_day1/single_port_rom/rtl/singleportrom_ctl.sv" into library xil_defaultlib
INFO: [VRFC 10-311] analyzing module singleportrom_ctl
INFO: [VRFC 10-2263] Analyzing SystemVerilog file "C:/project/etri/w6/exam_day1/single_port_rom/bench/tb_singleportrom_ctl.sv" into library xil_defaultlib
INFO: [VRFC 10-311] analyzing module tb_singleportrom_ctl
INFO: [USF-XSim-69] 'compile' step finished in '2' seconds
Command: launch_simulation -step elaborate -simset sim_1 -mode behavioral
INFO: [Vivado 12-25911] Executing simulation for 'XSim' simulator
INFO: [Vivado 12-28535] Process started - Tue Jul 28 11:48:33 2026

INFO: [Vivado 12-12493] Simulation top is 'tb_singleportrom_ctl'
INFO: [Vivado 12-5698] Checking validity of IPs in the design for the 'XSim' simulator...
INFO: [Vivado 12-5682] Launching behavioral simulation in 'C:/project/etri/w6/exam_day1/single_port_rom/vivado/singlerom/singlerom.sim/sim_1/behav/xsim'
INFO: [Vivado 12-4795] Using compiled simulation libraries for IPs
INFO: [SIM-utils-51] Simulation object is 'sim_1'
INFO: [USF-XSim-3] XSim::Elaborate design
INFO: [USF-XSim-61] Executing 'ELABORATE' step in 'C:/project/etri/w6/exam_day1/single_port_rom/vivado/singlerom/singlerom.sim/sim_1/behav/xsim'
"xelab --incr --debug typical --relax --mt 2 -L xil_defaultlib -L blk_mem_gen_v8_4_12 -L uvm -L unisims_ver -L unimacro_ver -L secureip -L xpm --snapshot tb_singleportrom_ctl_behav xil_defaultlib.tb_singleportrom_ctl xil_defaultlib.glbl -log elaborate.log"
Vivado Simulator v2025.2
Copyright 1986-2022 Xilinx, Inc. All Rights Reserved.
Copyright 2022-2025 Advanced Micro Devices, Inc. All Rights Reserved.
Running: C:/AMDDesign/2025.2/Vivado/bin/unwrapped/win64.o/xelab.exe --incr --debug typical --relax --mt 2 -L xil_defaultlib -L blk_mem_gen_v8_4_12 -L uvm -L unisims_ver -L unimacro_ver -L secureip -L xpm --snapshot tb_singleportrom_ctl_behav xil_defaultlib.tb_singleportrom_ctl xil_defaultlib.glbl -log elaborate.log 
Using 2 slave threads.
Starting static elaboration
Pass Through NonSizing Optimizer
Completed static elaboration
Starting simulation data flow analysis
Completed simulation data flow analysis
Time Resolution for simulation is 1ps
Compiling module blk_mem_gen_v8_4_12.blk_mem_gen_v8_4_12_output_stage...
Compiling module blk_mem_gen_v8_4_12.blk_mem_gen_v8_4_12_output_stage...
Compiling module blk_mem_gen_v8_4_12.blk_mem_gen_v8_4_12_softecc_outp...
Compiling module blk_mem_gen_v8_4_12.blk_mem_gen_v8_4_12_mem_module(C...
Compiling module blk_mem_gen_v8_4_12.blk_mem_gen_v8_4_12(C_FAMILY="ki...
Compiling module xil_defaultlib.blk_mem_gen_0
Compiling module xil_defaultlib.singleportrom_ctl
Compiling module xil_defaultlib.tb_singleportrom_ctl
Compiling module xil_defaultlib.glbl
Built simulation snapshot tb_singleportrom_ctl_behav
INFO: [USF-XSim-69] 'elaborate' step finished in '3' seconds
Time resolution is 1 ps
 Block Memory Generator module loading initial data...
 Block Memory Generator data initialization complete.
Block Memory Generator module tb_singleportrom_ctl.dut.u_blk_mem_gen_0.inst.native_mem_module.blk_mem_gen_v8_4_12_inst is using a behavioral model for simulation which will not precisely model memory collision behavior.
relaunch_sim: Time (s): cpu = 00:00:02 ; elapsed = 00:00:07 . Memory (MB): peak = 4079.914 ; gain = 0.000
run 10 us
TEST PASS
$finish called at time : 1185 ns : File "C:/project/etri/w6/exam_day1/single_port_rom/bench/tb_singleportrom_ctl.sv" Line 46
reset_run synth_1
INFO: [Project 1-1161] Replacing file C:/project/etri/w6/exam_day1/single_port_rom/vivado/singlerom/singlerom.srcs/utils_1/imports/synth_1/singleportrom_ctl.dcp with file C:/project/etri/w6/exam_day1/single_port_rom/vivado/singlerom/singlerom.runs/synth_1/singleportrom_ctl.dcp
WARNING: [Vivado 12-1017] Problems encountered:
1. Failed to delete one or more files in run directory C:/project/etri/w6/exam_day1/single_port_rom/vivado/singlerom/singlerom.runs/synth_1

launch_runs synth_1 -jobs 8
[Tue Jul 28 11:57:07 2026] Launched synth_1...
Run output will be captured here: C:/project/etri/w6/exam_day1/single_port_rom/vivado/singlerom/singlerom.runs/synth_1/runme.log
reset_simulation -simset sim_1 -mode post-synthesis -type functional
INFO: [Vivado 12-2266] Removing simulation data...
INFO: [Vivado 12-2267] Reset complete
reset_simulation -simset sim_1 -mode post-synthesis -type functional
INFO: [Vivado 12-2266] Removing simulation data...
INFO: [Vivado 12-2267] Reset complete
reset_simulation -simset sim_1 -mode post-synthesis -type functional
INFO: [Vivado 12-2266] Removing simulation data...
INFO: [Vivado 12-2267] Reset complete
reset_simulation -simset sim_1 -mode post-synthesis -type functional
INFO: [Vivado 12-2266] Removing simulation data...
INFO: [Vivado 12-2267] Reset complete
WARNING: [filemgmt 56-199] Attempt to get parsing info during refresh. "On-the-fly" syntax checking information may be incorrect. [C:\project\etri\w6\exam_day1\single_port_rom\rtl\singleportrom_ctl.sv:]
WARNING: [filemgmt 56-199] Attempt to get parsing info during refresh. "On-the-fly" syntax checking information may be incorrect. [C:\project\etri\w6\exam_day1\single_port_rom\bench\tb_singleportrom_ctl.sv:]
WARNING: [filemgmt 56-199] Attempt to get parsing info during refresh. "On-the-fly" syntax checking information may be incorrect. [C:\project\etri\w6\exam_day1\single_port_rom\rtl\singleportrom_ctl.sv:]
WARNING: [filemgmt 56-199] Attempt to get parsing info during refresh. "On-the-fly" syntax checking information may be incorrect. [C:\project\etri\w6\exam_day1\single_port_rom\rtl\singleportrom_ctl.sv:]
reset_simulation -simset sim_1 -mode post-synthesis -type functional
INFO: [Vivado 12-2266] Removing simulation data...
INFO: [Vivado 12-2267] Reset complete
WARNING: [filemgmt 56-199] Attempt to get parsing info during refresh. "On-the-fly" syntax checking information may be incorrect. [C:\project\etri\w6\exam_day1\single_port_rom\rtl\singleportrom_ctl.sv:]
WARNING: [filemgmt 56-199] Attempt to get parsing info during refresh. "On-the-fly" syntax checking information may be incorrect. [C:\project\etri\w6\exam_day1\single_port_rom\bench\tb_singleportrom_ctl.sv:]
WARNING: [filemgmt 56-199] Attempt to get parsing info during refresh. "On-the-fly" syntax checking information may be incorrect. [C:\project\etri\w6\exam_day1\single_port_rom\bench\tb_singleportrom_ctl.sv:]
WARNING: [filemgmt 56-199] Attempt to get parsing info during refresh. "On-the-fly" syntax checking information may be incorrect. [C:\project\etri\w6\exam_day1\single_port_rom\bench\tb_singleportrom_ctl.sv:]
relaunch_sim
Command: launch_simulation -step compile -simset sim_1 -mode behavioral
INFO: [Vivado 12-25911] Executing simulation for 'XSim' simulator
INFO: [Vivado 12-28535] Process started - Tue Jul 28 11:58:55 2026

INFO: [Vivado 12-12493] Simulation top is 'tb_singleportrom_ctl'
INFO: [Vivado 12-5698] Checking validity of IPs in the design for the 'XSim' simulator...
INFO: [Vivado 12-5682] Launching behavioral simulation in 'C:/project/etri/w6/exam_day1/single_port_rom/vivado/singlerom/singlerom.sim/sim_1/behav/xsim'
INFO: [Vivado 12-4795] Using compiled simulation libraries for IPs
INFO: [SIM-utils-51] Simulation object is 'sim_1'
INFO: [USF-XSim-2] XSim::Compile design
INFO: [USF-XSim-61] Executing 'COMPILE and ANALYZE' step in 'C:/project/etri/w6/exam_day1/single_port_rom/vivado/singlerom/singlerom.sim/sim_1/behav/xsim'
"xvlog --incr --relax -L uvm -prj tb_singleportrom_ctl_vlog.prj"
INFO: [USF-XSim-69] 'compile' step finished in '1' seconds
Command: launch_simulation -step elaborate -simset sim_1 -mode behavioral
INFO: [Vivado 12-25911] Executing simulation for 'XSim' simulator
INFO: [Vivado 12-28535] Process started - Tue Jul 28 11:58:57 2026

INFO: [Vivado 12-12493] Simulation top is 'tb_singleportrom_ctl'
INFO: [Vivado 12-5698] Checking validity of IPs in the design for the 'XSim' simulator...
INFO: [Vivado 12-5682] Launching behavioral simulation in 'C:/project/etri/w6/exam_day1/single_port_rom/vivado/singlerom/singlerom.sim/sim_1/behav/xsim'
INFO: [Vivado 12-4795] Using compiled simulation libraries for IPs
INFO: [SIM-utils-51] Simulation object is 'sim_1'
INFO: [USF-XSim-3] XSim::Elaborate design
INFO: [USF-XSim-61] Executing 'ELABORATE' step in 'C:/project/etri/w6/exam_day1/single_port_rom/vivado/singlerom/singlerom.sim/sim_1/behav/xsim'
"xelab --incr --debug typical --relax --mt 2 -L xil_defaultlib -L blk_mem_gen_v8_4_12 -L uvm -L unisims_ver -L unimacro_ver -L secureip -L xpm --snapshot tb_singleportrom_ctl_behav xil_defaultlib.tb_singleportrom_ctl xil_defaultlib.glbl -log elaborate.log"
Vivado Simulator v2025.2
Copyright 1986-2022 Xilinx, Inc. All Rights Reserved.
Copyright 2022-2025 Advanced Micro Devices, Inc. All Rights Reserved.
Running: C:/AMDDesign/2025.2/Vivado/bin/unwrapped/win64.o/xelab.exe --incr --debug typical --relax --mt 2 -L xil_defaultlib -L blk_mem_gen_v8_4_12 -L uvm -L unisims_ver -L unimacro_ver -L secureip -L xpm --snapshot tb_singleportrom_ctl_behav xil_defaultlib.tb_singleportrom_ctl xil_defaultlib.glbl -log elaborate.log 
Using 2 slave threads.
Starting static elaboration
Pass Through NonSizing Optimizer
Completed static elaboration
INFO: [XSIM 43-4323] No Change in HDL. Linking previously generated obj files to create kernel
INFO: [USF-XSim-69] 'elaborate' step finished in '1' seconds
Time resolution is 1 ps
 Block Memory Generator module loading initial data...
 Block Memory Generator data initialization complete.
Block Memory Generator module tb_singleportrom_ctl.dut.u_blk_mem_gen_0.inst.native_mem_module.blk_mem_gen_v8_4_12_inst is using a behavioral model for simulation which will not precisely model memory collision behavior.
close_design
WARNING: [filemgmt 56-199] Attempt to get parsing info during refresh. "On-the-fly" syntax checking information may be incorrect. [C:\project\etri\w6\exam_day1\single_port_rom\rtl\singleportrom_ctl.sv:]
WARNING: [filemgmt 56-199] Attempt to get parsing info during refresh. "On-the-fly" syntax checking information may be incorrect. [C:\project\etri\w6\exam_day1\single_port_rom\bench\tb_singleportrom_ctl.sv:]
WARNING: [filemgmt 56-199] Attempt to get parsing info during refresh. "On-the-fly" syntax checking information may be incorrect. [C:\project\etri\w6\exam_day1\single_port_rom\bench\tb_singleportrom_ctl.sv:]
WARNING: [filemgmt 56-199] Attempt to get parsing info during refresh. "On-the-fly" syntax checking information may be incorrect. [C:\project\etri\w6\exam_day1\single_port_rom\bench\tb_singleportrom_ctl.sv:]
launch_simulation -mode post-synthesis -type functional
Command: launch_simulation  -mode post-synthesis -type functional
INFO: [Vivado 12-25911] Executing simulation for 'XSim' simulator
INFO: [Vivado 12-28535] Process started - Tue Jul 28 11:59:14 2026

INFO: [Vivado 12-12493] Simulation top is 'tb_singleportrom_ctl'
INFO: [Vivado 12-5698] Checking validity of IPs in the design for the 'XSim' simulator...
INFO: [Vivado 12-5682] Launching post-synthesis functional simulation in 'C:/project/etri/w6/exam_day1/single_port_rom/vivado/singlerom/singlerom.sim/sim_1/synth/func/xsim'
INFO: [Vivado 12-4795] Using compiled simulation libraries for IPs
INFO: [SIM-utils-51] Simulation object is 'sim_1'
INFO: [SIM-utils-72] Using boost library from 'C:/AMDDesign/2025.2/Vivado/tps/boost_1_72_0'
Design is defaulting to impl run constrset: constrs_1
Design is defaulting to synth run part: xc7k70tfbv676-1
INFO: [Project 1-5699] Read binary netlist with skipMacroContent - 1
ERROR: [Common 17-180] Spawn failed: 작업을 완료했습니다.

INFO: [Project 1-454] Reading design checkpoint 'c:/project/etri/w6/exam_day1/single_port_rom/vivado/singlerom/singlerom.gen/sources_1/ip/blk_mem_gen_0/blk_mem_gen_0.dcp' for cell 'u_blk_mem_gen_0'
Netlist sorting complete. Time (s): cpu = 00:00:00 ; elapsed = 00:00:00.001 . Memory (MB): peak = 4079.914 ; gain = 0.000
INFO: [Netlist 29-17] Analyzing 1 Unisim elements for replacement
INFO: [Netlist 29-28] Unisim Transformation completed in 0 CPU seconds
INFO: [Project 1-479] Netlist was created with Vivado 2025.2
INFO: [Project 1-570] Preparing netlist for logic optimization
WARNING: [filemgmt 56-199] Attempt to get parsing info during refresh. "On-the-fly" syntax checking information may be incorrect. [C:\project\etri\w6\exam_day1\single_port_rom\rtl\singleportrom_ctl.sv:]
WARNING: [filemgmt 56-199] Attempt to get parsing info during refresh. "On-the-fly" syntax checking information may be incorrect. [C:\project\etri\w6\exam_day1\single_port_rom\bench\tb_singleportrom_ctl.sv:]
WARNING: [filemgmt 56-199] Attempt to get parsing info during refresh. "On-the-fly" syntax checking information may be incorrect. [C:\project\etri\w6\exam_day1\single_port_rom\bench\tb_singleportrom_ctl.sv:]
WARNING: [filemgmt 56-199] Attempt to get parsing info during refresh. "On-the-fly" syntax checking information may be incorrect. [C:\project\etri\w6\exam_day1\single_port_rom\bench\tb_singleportrom_ctl.sv:]
INFO: [Opt 31-138] Pushed 0 inverter(s) to 0 load pin(s).
Netlist sorting complete. Time (s): cpu = 00:00:00 ; elapsed = 00:00:00 . Memory (MB): peak = 4079.914 ; gain = 0.000
INFO: [Project 1-111] Unisim Transformation Summary:
No Unisim elements were transformed.

ERROR: [Common 17-180] Spawn failed: 작업을 완료했습니다.

ERROR: [SIM-utils-69] No open design in memory! Please run 'Synthesis' from the GUI or execute 'launch_runs <synth>' command from the Tcl console before running post-synthesis netlist simulation.
INFO: [USF-XSim-7] Finding pre-compiled libraries...
INFO: [USF-XSim-11] File 'C:/AMDDesign/2025.2/Vivado/data/xsim/xsim.ini' copied to run dir:'C:/project/etri/w6/exam_day1/single_port_rom/vivado/singlerom/singlerom.sim/sim_1/synth/func/xsim'
INFO: [SIM-utils-54] Inspecting design source files for 'tb_singleportrom_ctl' in fileset 'sim_1'...
INFO: [SIM-utils-43] Exported 'C:/project/etri/w6/exam_day1/single_port_rom/vivado/singlerom/singlerom.sim/sim_1/synth/func/xsim/blk_mem_gen_0.mif'
INFO: [SIM-utils-43] Exported 'C:/project/etri/w6/exam_day1/single_port_rom/vivado/singlerom/singlerom.sim/sim_1/synth/func/xsim/mem.coe'
INFO: [USF-XSim-2] XSim::Compile design
INFO: [USF-XSim-61] Executing 'COMPILE and ANALYZE' step in 'C:/project/etri/w6/exam_day1/single_port_rom/vivado/singlerom/singlerom.sim/sim_1/synth/func/xsim'
"xvlog --incr --relax -L uvm -prj tb_singleportrom_ctl_vlog.prj"
INFO: [VRFC 10-2263] Analyzing SystemVerilog file "C:/project/etri/w6/exam_day1/single_port_rom/bench/tb_singleportrom_ctl.sv" into library xil_defaultlib
INFO: [VRFC 10-311] analyzing module tb_singleportrom_ctl
INFO: [USF-XSim-69] 'compile' step finished in '1' seconds
INFO: [USF-XSim-3] XSim::Elaborate design
INFO: [USF-XSim-61] Executing 'ELABORATE' step in 'C:/project/etri/w6/exam_day1/single_port_rom/vivado/singlerom/singlerom.sim/sim_1/synth/func/xsim'
"xelab --incr --debug typical --relax --mt 2 -L xil_defaultlib -L uvm -L unisims_ver -L secureip --snapshot tb_singleportrom_ctl_func_synth xil_defaultlib.tb_singleportrom_ctl xil_defaultlib.glbl -log elaborate.log"
Vivado Simulator v2025.2
Copyright 1986-2022 Xilinx, Inc. All Rights Reserved.
Copyright 2022-2025 Advanced Micro Devices, Inc. All Rights Reserved.
Running: C:/AMDDesign/2025.2/Vivado/bin/unwrapped/win64.o/xelab.exe --incr --debug typical --relax --mt 2 -L xil_defaultlib -L uvm -L unisims_ver -L secureip --snapshot tb_singleportrom_ctl_func_synth xil_defaultlib.tb_singleportrom_ctl xil_defaultlib.glbl -log elaborate.log 
Using 2 slave threads.
ERROR: [XSIM 43-3225] Cannot find design unit xil_defaultlib.glbl in library work located at xsim.dir/work.
INFO: [USF-XSim-69] 'elaborate' step finished in '2' seconds
INFO: [USF-XSim-99] Step results log file:'C:/project/etri/w6/exam_day1/single_port_rom/vivado/singlerom/singlerom.sim/sim_1/synth/func/xsim/elaborate.log'
ERROR: [USF-XSim-62] 'elaborate' step failed with error(s). Please check the Tcl console output or 'C:/project/etri/w6/exam_day1/single_port_rom/vivado/singlerom/singlerom.sim/sim_1/synth/func/xsim/elaborate.log' file for more information.
ERROR: [Vivado 12-4473] Detected error while running simulation. Please correct the issue and retry this operation.
launch_simulation: Time (s): cpu = 00:00:08 ; elapsed = 00:00:05 . Memory (MB): peak = 4079.914 ; gain = 0.000
ERROR: [Common 17-39] 'launch_simulation' failed due to earlier errors.
reset_simulation -simset sim_1 -mode post-synthesis -type functional
INFO: [Vivado 12-2266] Removing simulation data...
INFO: [Vivado 12-2267] Reset complete
launch_simulation -mode post-synthesis -type functional
Command: launch_simulation  -mode post-synthesis -type functional
INFO: [Vivado 12-25911] Executing simulation for 'XSim' simulator
INFO: [Vivado 12-28535] Process started - Tue Jul 28 12:01:03 2026

INFO: [Vivado 12-12493] Simulation top is 'tb_singleportrom_ctl'
INFO: [Vivado 12-5698] Checking validity of IPs in the design for the 'XSim' simulator...
INFO: [Vivado 12-5682] Launching post-synthesis functional simulation in 'C:/project/etri/w6/exam_day1/single_port_rom/vivado/singlerom/singlerom.sim/sim_1/synth/func/xsim'
INFO: [Vivado 12-4795] Using compiled simulation libraries for IPs
INFO: [SIM-utils-51] Simulation object is 'sim_1'
INFO: [SIM-utils-72] Using boost library from 'C:/AMDDesign/2025.2/Vivado/tps/boost_1_72_0'
INFO: [SIM-utils-24] Writing simulation netlist file for design 'synth_1'...
INFO: [SIM-utils-25] write_verilog -mode funcsim -nolib -force -file "C:/project/etri/w6/exam_day1/single_port_rom/vivado/singlerom/singlerom.sim/sim_1/synth/func/xsim/tb_singleportrom_ctl_func_synth.v"
INFO: [SIM-utils-36] Netlist generated:C:/project/etri/w6/exam_day1/single_port_rom/vivado/singlerom/singlerom.sim/sim_1/synth/func/xsim/tb_singleportrom_ctl_func_synth.v
INFO: [USF-XSim-7] Finding pre-compiled libraries...
INFO: [USF-XSim-11] File 'C:/AMDDesign/2025.2/Vivado/data/xsim/xsim.ini' copied to run dir:'C:/project/etri/w6/exam_day1/single_port_rom/vivado/singlerom/singlerom.sim/sim_1/synth/func/xsim'
INFO: [SIM-utils-54] Inspecting design source files for 'tb_singleportrom_ctl' in fileset 'sim_1'...
INFO: [SIM-utils-43] Exported 'C:/project/etri/w6/exam_day1/single_port_rom/vivado/singlerom/singlerom.sim/sim_1/synth/func/xsim/blk_mem_gen_0.mif'
INFO: [SIM-utils-43] Exported 'C:/project/etri/w6/exam_day1/single_port_rom/vivado/singlerom/singlerom.sim/sim_1/synth/func/xsim/mem.coe'
INFO: [USF-XSim-2] XSim::Compile design
INFO: [USF-XSim-61] Executing 'COMPILE and ANALYZE' step in 'C:/project/etri/w6/exam_day1/single_port_rom/vivado/singlerom/singlerom.sim/sim_1/synth/func/xsim'
"xvlog --incr --relax -L uvm -prj tb_singleportrom_ctl_vlog.prj"
INFO: [VRFC 10-2263] Analyzing Verilog file "C:/project/etri/w6/exam_day1/single_port_rom/vivado/singlerom/singlerom.sim/sim_1/synth/func/xsim/tb_singleportrom_ctl_func_synth.v" into library xil_defaultlib
INFO: [VRFC 10-311] analyzing module blk_mem_gen_0
INFO: [VRFC 10-311] analyzing module singleportrom_ctl
INFO: [VRFC 10-311] analyzing module blk_mem_gen_0_blk_mem_gen_generic_cstr
INFO: [VRFC 10-311] analyzing module blk_mem_gen_0_blk_mem_gen_prim_width
INFO: [VRFC 10-311] analyzing module blk_mem_gen_0_blk_mem_gen_prim_wrapper_init
INFO: [VRFC 10-311] analyzing module blk_mem_gen_0_blk_mem_gen_top
INFO: [VRFC 10-311] analyzing module blk_mem_gen_0_blk_mem_gen_v8_4_12
INFO: [VRFC 10-311] analyzing module blk_mem_gen_0_blk_mem_gen_v8_4_12_synth
INFO: [VRFC 10-311] analyzing module glbl
INFO: [VRFC 10-2263] Analyzing SystemVerilog file "C:/project/etri/w6/exam_day1/single_port_rom/bench/tb_singleportrom_ctl.sv" into library xil_defaultlib
INFO: [VRFC 10-311] analyzing module tb_singleportrom_ctl
INFO: [USF-XSim-69] 'compile' step finished in '2' seconds
INFO: [USF-XSim-3] XSim::Elaborate design
INFO: [USF-XSim-61] Executing 'ELABORATE' step in 'C:/project/etri/w6/exam_day1/single_port_rom/vivado/singlerom/singlerom.sim/sim_1/synth/func/xsim'
"xelab --incr --debug typical --relax --mt 2 -L xil_defaultlib -L uvm -L unisims_ver -L secureip --snapshot tb_singleportrom_ctl_func_synth xil_defaultlib.tb_singleportrom_ctl xil_defaultlib.glbl -log elaborate.log"
Vivado Simulator v2025.2
Copyright 1986-2022 Xilinx, Inc. All Rights Reserved.
Copyright 2022-2025 Advanced Micro Devices, Inc. All Rights Reserved.
Running: C:/AMDDesign/2025.2/Vivado/bin/unwrapped/win64.o/xelab.exe --incr --debug typical --relax --mt 2 -L xil_defaultlib -L uvm -L unisims_ver -L secureip --snapshot tb_singleportrom_ctl_func_synth xil_defaultlib.tb_singleportrom_ctl xil_defaultlib.glbl -log elaborate.log 
Using 2 slave threads.
Starting static elaboration
Pass Through NonSizing Optimizer
Completed static elaboration
Starting simulation data flow analysis
Completed simulation data flow analysis
Time Resolution for simulation is 1ps
Compiling module unisims_ver.LUT5
Compiling module unisims_ver.LUT6
Compiling module unisims_ver.x_lut1_mux2
Compiling module unisims_ver.LUT1(INIT=2'b01)
Compiling module unisims_ver.x_lut3_mux8
Compiling module unisims_ver.LUT3
Compiling module unisims_ver.x_lut2_mux4
Compiling module unisims_ver.LUT2(INIT=4'b1110)
Compiling module unisims_ver.FDCE_default
Compiling module unisims_ver.BUFG
Compiling module unisims_ver.IBUF
Compiling module unisims_ver.OBUF
Compiling module unisims_ver.LUT4(INIT=16'b0111111111111111)
Compiling module unisims_ver.GND
Compiling module unisims_ver.RB18_INTERNAL_VLOG(DOA_REG=1,DOB...
Compiling module unisims_ver.RAMB18E1(DOA_REG=1,DOB_REG=1,INI...
Compiling module xil_defaultlib.blk_mem_gen_0
Compiling module xil_defaultlib.singleportrom_ctl
Compiling module xil_defaultlib.tb_singleportrom_ctl
Compiling module xil_defaultlib.glbl
Built simulation snapshot tb_singleportrom_ctl_func_synth
INFO: [USF-XSim-69] 'elaborate' step finished in '2' seconds
INFO: [USF-XSim-4] XSim::Simulate design
INFO: [USF-XSim-61] Executing 'SIMULATE' step in 'C:/project/etri/w6/exam_day1/single_port_rom/vivado/singlerom/singlerom.sim/sim_1/synth/func/xsim'
INFO: [USF-XSim-98] *** Running xsim
   with args "tb_singleportrom_ctl_func_synth -key {Post-Synthesis:sim_1:Functional:tb_singleportrom_ctl} -tclbatch {tb_singleportrom_ctl.tcl} -log {simulate.log}"
INFO: [USF-XSim-8] Loading simulator feature
Time resolution is 1 ps
source tb_singleportrom_ctl.tcl
# set curr_wave [current_wave_config]
# if { [string length $curr_wave] == 0 } {
#   if { [llength [get_objects]] > 0} {
#     add_wave /
#     set_property needs_save false [current_wave_config]
#   } else {
#      send_msg_id Add_Wave-1 WARNING "No top level signals found. Simulator will start without a wave window. If you want to open a wave window go to 'File->New Waveform Configuration' or type 'create_wave_config' in the TCL console."
#   }
# }
# run 1000ns
INFO: [USF-XSim-96] XSim completed. Design snapshot 'tb_singleportrom_ctl_func_synth' loaded.
INFO: [USF-XSim-97] XSim simulation ran for 1000ns
launch_simulation: Time (s): cpu = 00:00:03 ; elapsed = 00:00:06 . Memory (MB): peak = 4272.672 ; gain = 0.000
run 10 us
TEST PASS
$finish called at time : 1185 ns : File "C:/project/etri/w6/exam_day1/single_port_rom/bench/tb_singleportrom_ctl.sv" Line 46
relaunch_sim
Command: launch_simulation -step compile -simset sim_1 -mode post-synthesis -type functional
INFO: [Vivado 12-25911] Executing simulation for 'XSim' simulator
INFO: [Vivado 12-28535] Process started - Tue Jul 28 12:02:11 2026

INFO: [Vivado 12-12493] Simulation top is 'tb_singleportrom_ctl'
INFO: [Vivado 12-5698] Checking validity of IPs in the design for the 'XSim' simulator...
INFO: [Vivado 12-5682] Launching post-synthesis functional simulation in 'C:/project/etri/w6/exam_day1/single_port_rom/vivado/singlerom/singlerom.sim/sim_1/synth/func/xsim'
INFO: [Vivado 12-4795] Using compiled simulation libraries for IPs
INFO: [SIM-utils-51] Simulation object is 'sim_1'
INFO: [USF-XSim-2] XSim::Compile design
INFO: [USF-XSim-61] Executing 'COMPILE and ANALYZE' step in 'C:/project/etri/w6/exam_day1/single_port_rom/vivado/singlerom/singlerom.sim/sim_1/synth/func/xsim'
WARNING: [filemgmt 56-199] Attempt to get parsing info during refresh. "On-the-fly" syntax checking information may be incorrect. [C:\project\etri\w6\exam_day1\single_port_rom\rtl\singleportrom_ctl.sv:]
WARNING: [filemgmt 56-199] Attempt to get parsing info during refresh. "On-the-fly" syntax checking information may be incorrect. [C:\project\etri\w6\exam_day1\single_port_rom\bench\tb_singleportrom_ctl.sv:]
WARNING: [filemgmt 56-199] Attempt to get parsing info during refresh. "On-the-fly" syntax checking information may be incorrect. [C:\project\etri\w6\exam_day1\single_port_rom\rtl\singleportrom_ctl.sv:]
WARNING: [filemgmt 56-199] Attempt to get parsing info during refresh. "On-the-fly" syntax checking information may be incorrect. [C:\project\etri\w6\exam_day1\single_port_rom\rtl\singleportrom_ctl.sv:]
"xvlog --incr --relax -L uvm -prj tb_singleportrom_ctl_vlog.prj"
INFO: [USF-XSim-69] 'compile' step finished in '1' seconds
Command: launch_simulation -step elaborate -simset sim_1 -mode post-synthesis -type functional
INFO: [Vivado 12-25911] Executing simulation for 'XSim' simulator
INFO: [Vivado 12-28535] Process started - Tue Jul 28 12:02:12 2026

INFO: [Vivado 12-12493] Simulation top is 'tb_singleportrom_ctl'
INFO: [Vivado 12-5698] Checking validity of IPs in the design for the 'XSim' simulator...
INFO: [Vivado 12-5682] Launching post-synthesis functional simulation in 'C:/project/etri/w6/exam_day1/single_port_rom/vivado/singlerom/singlerom.sim/sim_1/synth/func/xsim'
INFO: [Vivado 12-4795] Using compiled simulation libraries for IPs
INFO: [SIM-utils-51] Simulation object is 'sim_1'
INFO: [USF-XSim-3] XSim::Elaborate design
INFO: [USF-XSim-61] Executing 'ELABORATE' step in 'C:/project/etri/w6/exam_day1/single_port_rom/vivado/singlerom/singlerom.sim/sim_1/synth/func/xsim'
"xelab --incr --debug typical --relax --mt 2 -L xil_defaultlib -L uvm -L unisims_ver -L secureip --snapshot tb_singleportrom_ctl_func_synth xil_defaultlib.tb_singleportrom_ctl xil_defaultlib.glbl -log elaborate.log"
Vivado Simulator v2025.2
Copyright 1986-2022 Xilinx, Inc. All Rights Reserved.
Copyright 2022-2025 Advanced Micro Devices, Inc. All Rights Reserved.
Running: C:/AMDDesign/2025.2/Vivado/bin/unwrapped/win64.o/xelab.exe --incr --debug typical --relax --mt 2 -L xil_defaultlib -L uvm -L unisims_ver -L secureip --snapshot tb_singleportrom_ctl_func_synth xil_defaultlib.tb_singleportrom_ctl xil_defaultlib.glbl -log elaborate.log 
Using 2 slave threads.
Starting static elaboration
Pass Through NonSizing Optimizer
Completed static elaboration
INFO: [XSIM 43-4323] No Change in HDL. Linking previously generated obj files to create kernel
INFO: [USF-XSim-69] 'elaborate' step finished in '1' seconds
Time resolution is 1 ps
run 10 us
TEST PASS
$finish called at time : 1185 ns : File "C:/project/etri/w6/exam_day1/single_port_rom/bench/tb_singleportrom_ctl.sv" Line 46
close_sim
INFO: [Simtcl 6-16] Simulation closed
close_sim
INFO: [Simtcl 6-16] Simulation closed
exit
INFO: [Common 17-206] Exiting Vivado at Tue Jul 28 12:05:08 2026...
