#-----------------------------------------------------------
# Vivado v2025.2 (64-bit)
# SW Build 6299465 on Fri Nov 14 19:35:11 GMT 2025
# IP Build 6300035 on Fri Nov 14 10:48:45 MST 2025
# SharedData Build 6298862 on Thu Nov 13 04:50:51 MST 2025
# Start of session at: Tue Jul 28 11:57:09 2026
# Process ID         : 40884
# Current directory  : C:/project/etri/w6/exam_day1/single_port_rom/vivado/singlerom/singlerom.runs/synth_1
# Command line       : vivado.exe -log singleportrom_ctl.vds -product Vivado -mode batch -messageDb vivado.pb -notrace -source singleportrom_ctl.tcl
# Log file           : C:/project/etri/w6/exam_day1/single_port_rom/vivado/singlerom/singlerom.runs/synth_1/singleportrom_ctl.vds
# Journal file       : C:/project/etri/w6/exam_day1/single_port_rom/vivado/singlerom/singlerom.runs/synth_1\vivado.jou
# Running On         : omni_keycaf
# Platform           : Windows Server 2016 or Windows 10
# Operating System   : 26200
# Processor Detail   : Intel(R) Core(TM) Ultra 9 288V
# CPU Frequency      : 3302 MHz
# CPU Physical cores : 8
# CPU Logical cores  : 8
# Host memory        : 33805 MB
# Swap memory        : 5538 MB
# Total Virtual      : 39343 MB
# Available Virtual  : 4253 MB
#-----------------------------------------------------------
source singleportrom_ctl.tcl -notrace
